BL51 BANKED LINKER/LOCATER V6.22              04/03/2023  15:54:12  PAGE 1


BL51 BANKED LINKER/LOCATER V6.22, INVOKED BY:
C:\KEIL\C51\BIN\BL51.EXE D:\Inc\work\silabs\USB_CDC_485_4.5.2\USB_ISR.obj, D:\
>> Inc\work\silabs\USB_CDC_485_4.5.2\USB_Main.obj, D:\Inc\work\silabs\USB_CDC_
>> 485_4.5.2\USB_Standard_Requests.obj, D:\Inc\work\silabs\USB_CDC_485_4.5.2\U
>> SB_Descriptor.obj, D:\Inc\work\silabs\USB_CDC_485_4.5.2\USB_Class_Requests.
>> obj, D:\Inc\work\silabs\USB_CDC_485_4.5.2\USB_CDC_UART.obj, D:\Inc\work\sil
>> abs\USB_CDC_485_4.5.2\Keil_FIFO_RW.LIB, D:\Inc\work\silabs\USB_CDC_485_4.5.
>> 2\uart.obj, D:\Inc\work\silabs\USB_CDC_485_4.5.2\extsram.obj, D:\Inc\work\s
>> ilabs\USB_CDC_485_4.5.2\spi.obj TO D:\Inc\work\silabs\USB_CDC_485_4.5.2\Kei
>> l_USB_CDC_skeleton RS (256) PL (68) PW (78)


MEMORY MODEL: COMPACT


INPUT MODULES INCLUDED:
  D:\Inc\work\silabs\USB_CDC_485_4.5.2\USB_ISR.obj (USB_ISR)
  D:\Inc\work\silabs\USB_CDC_485_4.5.2\USB_Main.obj (USB_MAIN)
  D:\Inc\work\silabs\USB_CDC_485_4.5.2\USB_Standard_Requests.obj (USB_STANDARD
>> _REQUESTS)
  D:\Inc\work\silabs\USB_CDC_485_4.5.2\USB_Descriptor.obj (USB_DESCRIPTOR)
  D:\Inc\work\silabs\USB_CDC_485_4.5.2\USB_Class_Requests.obj (USB_CLASS_REQUE
>> STS)
  D:\Inc\work\silabs\USB_CDC_485_4.5.2\USB_CDC_UART.obj (USB_CDC_UART)
  D:\Inc\work\silabs\USB_CDC_485_4.5.2\Keil_FIFO_RW.LIB (FIFO_RD_XD)
  D:\Inc\work\silabs\USB_CDC_485_4.5.2\Keil_FIFO_RW.LIB (FIFO_WT_XD)
  D:\Inc\work\silabs\USB_CDC_485_4.5.2\uart.obj (UART)
  D:\Inc\work\silabs\USB_CDC_485_4.5.2\extsram.obj (EXTSRAM)
  D:\Inc\work\silabs\USB_CDC_485_4.5.2\spi.obj (SPI)
  C:\KEIL\C51\LIB\C51C.LIB (?C_STARTUP)
  C:\KEIL\C51\LIB\C51C.LIB (?C?CLDPTR)
  C:\KEIL\C51\LIB\C51C.LIB (?C?CSTPTR)
  C:\KEIL\C51\LIB\C51C.LIB (?C?LMUL)
  C:\KEIL\C51\LIB\C51C.LIB (?C?SLDIV)
  C:\KEIL\C51\LIB\C51C.LIB (?C?LNEG)
  C:\KEIL\C51\LIB\C51C.LIB (?C?SLCMP)
  C:\KEIL\C51\LIB\C51C.LIB (?C?SLSHR)
  C:\KEIL\C51\LIB\C51C.LIB (?C?LSTPDATA)
  C:\KEIL\C51\LIB\C51C.LIB (?C?CCASE)
  C:\KEIL\C51\LIB\C51C.LIB (PRINTF)
  C:\KEIL\C51\LIB\C51C.LIB (?C_INIT)
  C:\KEIL\C51\LIB\C51C.LIB (?C?CLDOPTR)
  C:\KEIL\C51\LIB\C51C.LIB (?C?ULDIV)
  C:\KEIL\C51\LIB\C51C.LIB (?C?PLDIPDATA)
  C:\KEIL\C51\LIB\C51C.LIB (?C?PSTPDATA)


LINK MAP OF MODULE:  D:\Inc\work\silabs\USB_CDC_485_4.5.2\Keil_USB_CDC_skeleto
>> n (USB_ISR)


            TYPE    BASE      LENGTH    RELOCATION   SEGMENT NAME
            -----------------------------------------------------

            * * * * * * *   D A T A   M E M O R Y   * * * * * * *
            REG     0000H     0008H     ABSOLUTE     "REG BANK 0"
            DATA    0008H     0005H     UNIT         _DATA_GROUP_
            IDATA   000DH     0007H     UNIT         ?ID?USB_CLASS_REQUESTS
            IDATA   0014H     0007H     UNIT         ?ID?USB_CDC_UART
                    001BH     0005H                  *** GAP ***
            BIT     0020H.0   0001H.2   UNIT         _BIT_GROUP_
            BIT     0021H.2   0000H.5   UNIT         ?BI?USB_ISR
            BIT     0021H.7   0000H.4   UNIT         ?BI?USB_CDC_UART
            BIT     0022H.3   0000H.1   UNIT         ?BI?USB_CLASS_REQUESTS
                    0022H.4   0000H.4                *** GAP ***
            IDATA   0023H     0001H     UNIT         ?STACK
BL51 BANKED LINKER/LOCATER V6.22            04/03/2023  15:54:12  PAGE 2



            * * * * * * *  X D A T A   M E M O R Y  * * * * * * *
            XDATA   0000H     000FH     INPAGE       ?PD?USB_ISR
            XDATA   000FH     0001H     INPAGE       ?PD?_GETKEY?USB_MAIN
            XDATA   0010H     0003H     INPAGE       ?PD?USB_MAIN
            XDATA   0013H     0001H     INPAGE       ?PD?USB_CLASS_REQUESTS
            XDATA   0014H     000CH     INPAGE       ?PD?USB_CDC_UART
            XDATA   0020H     0019H     INPAGE       ?PD?UART
            XDATA   0039H     002AH     INPAGE       _PDATA_GROUP_
            XDATA   0063H     00A0H     UNIT         ?XD?USB_CDC_UART
            XDATA   0103H     000AH     UNIT         ?XD?USB_MAIN
                    010DH     0EF3H                  *** GAP ***
            XDATA   1000H     1000H     ABSOLUTE     

            * * * * * * *   C O D E   M E M O R Y   * * * * * * *
            CODE    0000H     0003H     ABSOLUTE     
            CODE    0003H     0003H     ABSOLUTE     
            CODE    0006H     001DH     UNIT         ?PR?CHANGE_BAUD?UART
            CODE    0023H     0003H     ABSOLUTE     
            CODE    0026H     0004H     UNIT         ?CO?USB_STANDARD_REQUESTS
>> 
            CODE    002AH     0001H     UNIT         ?PR?VENDOR_REQUEST?USB_CL
>> ASS_REQUESTS
            CODE    002BH     0003H     ABSOLUTE     
            CODE    002EH     0015H     UNIT         ?PR?_SET_LINE_STATE?USB_C
>> DC_UART
            CODE    0043H     0003H     ABSOLUTE     
            CODE    0046H     003BH     UNIT         ?PR?USB_RESET?USB_ISR
                    0081H     0002H                  *** GAP ***
            CODE    0083H     0003H     ABSOLUTE     
            CODE    0086H     040DH     UNIT         ?PR?MAIN?USB_MAIN
            CODE    0493H     035BH     UNIT         ?PR?PRINTF?PRINTF
            CODE    07EEH     021EH     UNIT         ?PR?HANDLE_SETUP?USB_ISR
            CODE    0A0CH     01F8H     UNIT         ?C?LIB_CODE
            CODE    0C04H     018BH     UNIT         ?PR?_UART0_INIT?UART
            CODE    0D8FH     00FFH     UNIT         ?PR?HANDLE_OUT2?USB_CLASS
>> _REQUESTS
            CODE    0E8EH     00F1H     UNIT         ?PR?HANDLE_IN2?USB_CLASS_
>> REQUESTS
            CODE    0F7FH     00D7H     UNIT         ?CO?USB_DESCRIPTOR
            CODE    1056H     00D3H     UNIT         ?PR?_MAKE_VOLKOV_PACKAGE?
>> USB_MAIN
            CODE    1129H     00BFH     UNIT         ?PR?GET_DESCRIPTOR?USB_ST
>> ANDARD_REQUESTS
            CODE    11E8H     00ACH     UNIT         ?PR?GET_STATUS?USB_STANDA
>> RD_REQUESTS
            CODE    1294H     00A7H     UNIT         ?PR?CLEAR_FEATURE?USB_STA
>> NDARD_REQUESTS
            CODE    133BH     00A0H     UNIT         ?PR?HANDLE_EP_HALT?USB_IS
>> R
            CODE    13DBH     00A0H     UNIT         ?PR?SET_CONFIGURATION?USB
>> _STANDARD_REQUESTS
            CODE    147BH     009EH     UNIT         ?PR?UART1_ISR?UART
            CODE    1519H     0098H     UNIT         ?PR?UART0_ISR?UART
            CODE    15B1H     0096H     UNIT         ?CO?USB_MAIN
            CODE    1647H     0095H     UNIT         ?PR?USB_ISR?USB_ISR
            CODE    16DCH     008CH     UNIT         ?C_C51STARTUP
            CODE    1768H     0085H     UNIT         ?PR?INT0_ISR?UART
            CODE    17EDH     0070H     UNIT         ?PR?TIMER2_ISR?UART
            CODE    185DH     006BH     UNIT         ?PR?BYTE_SET?UART
            CODE    18C8H     0066H     UNIT         ?PR?CS_GET_LINE_CODING?US
>> B_CLASS_REQUESTS
            CODE    192EH     0064H     UNIT         ?PR?WAIT_SET?UART
            CODE    1992H     005DH     UNIT         ?PR?GET_CONFIGURATION?USB
>> _STANDARD_REQUESTS
BL51 BANKED LINKER/LOCATER V6.22            04/03/2023  15:54:12  PAGE 3


            CODE    19EFH     005CH     UNIT         ?PR?SET_FEATURE?USB_STAND
>> ARD_REQUESTS
            CODE    1A4BH     0056H     UNIT         ?C_INITSEG
            CODE    1AA1H     0053H     UNIT         ?PR?_UART1_INIT?UART
            CODE    1AF4H     0051H     UNIT         ?PR?HANDLE_IN1?USB_CLASS_
>> REQUESTS
            CODE    1B45H     004FH     UNIT         ?PR?STANDARD_DEVICE_REQUE
>> ST?USB_STANDARD_REQUESTS
            CODE    1B94H     004AH     UNIT         ?PR?GET_INTERFACE?USB_STA
>> NDARD_REQUESTS
            CODE    1BDEH     0046H     UNIT         ?PR?USB0_INIT?USB_MAIN
            CODE    1C24H     0046H     UNIT         ?PR?_COMPUTBYTE?USB_CDC_U
>> ART
            CODE    1C6AH     0044H     UNIT         ?C?LDIV
            CODE    1CAEH     0043H     UNIT         ?PR?COMGETBYTE?USB_CDC_UA
>> RT
            CODE    1CF1H     003FH     UNIT         ?PR?SET_ADDRESS?USB_STAND
>> ARD_REQUESTS
            CODE    1D30H     003EH     UNIT         ?PR?_SWAP_ENDIAN_LONG?USB
>> _CLASS_REQUESTS
            CODE    1D6EH     0039H     UNIT         ?PR?CS_SEND_ENCAPSULATED_
>> COMMAND?USB_CLASS_REQUESTS
            CODE    1DA7H     0037H     UNIT         ?PR?_FIFO_READ?USB_ISR
            CODE    1DDEH     0036H     UNIT         ?PR?CS_SET_LINE_CODING?US
>> B_CLASS_REQUESTS
            CODE    1E14H     0034H     UNIT         ?PR?FLUSH_COMBUFFERS?USB_
>> CDC_UART
            CODE    1E48H     0033H     UNIT         ?PR?CLASS_REQUEST?USB_CLA
>> SS_REQUESTS
            CODE    1E7BH     0033H     UNIT         ?PR?_FIFO_READ_XDATA?FIFO
>> _RD_XD
            CODE    1EAEH     0030H     UNIT         ?PR?_CHECKBIT?USB_MAIN
            CODE    1EDEH     0029H     UNIT         ?PR?CS_GET_ENCAPSULATED_C
>> OMMAND?USB_CLASS_REQUESTS
            CODE    1F07H     0028H     UNIT         ?PR?PORT_INIT?USB_MAIN
            CODE    1F2FH     0027H     UNIT         ?PR?SET_INTERFACE?USB_STA
>> NDARD_REQUESTS
            CODE    1F56H     001EH     UNIT         ?PR?_FIFO_WRITE?USB_ISR
            CODE    1F74H     001EH     UNIT         ?PR?_PUTCHAR?USB_MAIN
            CODE    1F92H     001DH     UNIT         ?PR?_SPI_MASTERSEND?SPI
            CODE    1FAFH     001CH     UNIT         ?PR?CS_SEND_BREAK?USB_CLA
>> SS_REQUESTS
            CODE    1FCBH     001BH     UNIT         ?PR?SYSCLK_INIT?USB_MAIN
            CODE    1FE6H     001BH     UNIT         ?PR?CS_SET_CONTROLLINE_ST
>> ATE?USB_CLASS_REQUESTS
            CODE    2001H     0019H     UNIT         ?PR?USB_SUSPEND?USB_ISR
            CODE    201AH     0019H     UNIT         ?PR?_GETKEY?USB_MAIN
            CODE    2033H     0018H     UNIT         ?PR?_FIFO_WRITE_XDATA?FIF
>> O_WT_XD
            CODE    204BH     0017H     UNIT         ?PR?_SET_LINE_CODING?USB_
>> CDC_UART
            CODE    2062H     0013H     UNIT         ?PR?TIMER_INIT?UART
            CODE    2075H     000FH     UNIT         ?PR?DELAY?USB_MAIN
            CODE    2084H     000EH     UNIT         ?PR?CHANGE_TIMEOUT?UART
            CODE    2092H     000EH     UNIT         ?PR?SPI_INIT?SPI
            CODE    20A0H     000DH     UNIT         ?PR?_UPDATE_LINE_STATE?US
>> B_CDC_UART
            CODE    20ADH     000AH     UNIT         ?PR?CS_SET_LINE_CODING_CO
>> MPLETE?USB_CLASS_REQUESTS
            CODE    20B7H     0009H     UNIT         ?PR?SHOWHELP?USB_MAIN
            CODE    20C0H     0009H     UNIT         ?PR?FINISH_INT?UART
            CODE    20C9H     0008H     UNIT         ?CO?USB_CLASS_REQUESTS
            CODE    20D1H     0008H     UNIT         ?PR?_SEND_BREAK?USB_CDC_U
>> ART
            CODE    20D9H     0008H     UNIT         ?PR?INT0_INIT?UART
BL51 BANKED LINKER/LOCATER V6.22            04/03/2023  15:54:12  PAGE 4


            CODE    20E1H     0008H     UNIT         ?PR?_SPI_MASTERTRANSMIT?S
>> PI
            CODE    20E9H     0004H     UNIT         ?PR?INIT_EXRAM?EXTSRAM
            CODE    20EDH     0003H     UNIT         ?PR?SPI_MASTERRECEIVE?SPI
>> 



OVERLAY MAP OF MODULE:   D:\Inc\work\silabs\USB_CDC_485_4.5.2\Keil_USB_CDC_ske
>> leton (USB_ISR)


SEGMENT                                             BIT_GROUP          DATA_GR
>> OUP          PDATA_GROUP
  +--> CALLED SEGMENT                            START    LENGTH     START    
>> LENGTH     START    LENGTH
------------------------------------------------------------------------------
>> --------------------------
?PR?USB_ISR?USB_ISR                              -----    -----      -----    
>> -----      0039H    0003H
  +--> ?PR?USB_RESET?USB_ISR
  +--> ?PR?HANDLE_EP_HALT?USB_ISR
  +--> ?PR?HANDLE_IN1?USB_CLASS_REQUESTS
  +--> ?PR?HANDLE_SETUP?USB_ISR
  +--> ?PR?USB_SUSPEND?USB_ISR

?PR?HANDLE_IN1?USB_CLASS_REQUESTS                -----    -----      -----    
>> -----      -----    -----
  +--> ?CO?USB_CLASS_REQUESTS
  +--> ?PR?_FIFO_WRITE?USB_ISR

?PR?HANDLE_SETUP?USB_ISR                         -----    -----      -----    
>> -----      003CH    0003H
  +--> ?PR?_FIFO_READ?USB_ISR
  +--> ?PR?STANDARD_DEVICE_REQUEST?USB_STAND...
  +--> ?PR?CLASS_REQUEST?USB_CLASS_REQUESTS
  +--> ?PR?VENDOR_REQUEST?USB_CLASS_REQUESTS
  +--> ?PR?_FIFO_WRITE?USB_ISR
  +--> ?PR?CS_SET_LINE_CODING_COMPLETE?USB_C...

?PR?STANDARD_DEVICE_REQUEST?USB_STAND...         -----    -----      -----    
>> -----      -----    -----
  +--> ?PR?GET_STATUS?USB_STANDARD_REQUESTS
  +--> ?PR?CLEAR_FEATURE?USB_STANDARD_REQUESTS
  +--> ?PR?SET_FEATURE?USB_STANDARD_REQUESTS
  +--> ?PR?SET_ADDRESS?USB_STANDARD_REQUESTS
  +--> ?PR?GET_DESCRIPTOR?USB_STANDARD_REQUESTS
  +--> ?PR?GET_CONFIGURATION?USB_STANDARD_RE...
  +--> ?PR?SET_CONFIGURATION?USB_STANDARD_RE...
  +--> ?PR?GET_INTERFACE?USB_STANDARD_REQUESTS
  +--> ?PR?SET_INTERFACE?USB_STANDARD_REQUESTS

?PR?GET_STATUS?USB_STANDARD_REQUESTS             0020H.0  0000H.1    -----    
>> -----      -----    -----
  +--> ?CO?USB_STANDARD_REQUESTS

?PR?GET_DESCRIPTOR?USB_STANDARD_REQUESTS         -----    -----      -----    
>> -----      -----    -----
  +--> ?CO?USB_DESCRIPTOR

?PR?GET_CONFIGURATION?USB_STANDARD_RE...         -----    -----      -----    
>> -----      -----    -----
  +--> ?CO?USB_STANDARD_REQUESTS

?PR?SET_CONFIGURATION?USB_STANDARD_RE...         -----    -----      -----    
BL51 BANKED LINKER/LOCATER V6.22            04/03/2023  15:54:12  PAGE 5


>> -----      -----    -----
  +--> ?PR?HANDLE_IN1?USB_CLASS_REQUESTS

?PR?GET_INTERFACE?USB_STANDARD_REQUESTS          -----    -----      -----    
>> -----      -----    -----
  +--> ?CO?USB_STANDARD_REQUESTS

?PR?CLASS_REQUEST?USB_CLASS_REQUESTS             -----    -----      -----    
>> -----      -----    -----
  +--> ?PR?CS_SEND_ENCAPSULATED_COMMAND?USB_...
  +--> ?PR?CS_GET_ENCAPSULATED_COMMAND?USB_C...
  +--> ?PR?CS_SET_LINE_CODING?USB_CLASS_REQU...
  +--> ?PR?CS_GET_LINE_CODING?USB_CLASS_REQU...
  +--> ?PR?CS_SET_CONTROLLINE_STATE?USB_CLAS...
  +--> ?PR?CS_SEND_BREAK?USB_CLASS_REQUESTS

?PR?CS_GET_LINE_CODING?USB_CLASS_REQU...         -----    -----      -----    
>> -----      003FH    0003H
  +--> ?PR?_SWAP_ENDIAN_LONG?USB_CLASS_REQUESTS

?PR?_SWAP_ENDIAN_LONG?USB_CLASS_REQUESTS         -----    -----      -----    
>> -----      0042H    0004H

?PR?CS_SET_CONTROLLINE_STATE?USB_CLAS...         -----    -----      -----    
>> -----      -----    -----
  +--> ?PR?_SET_LINE_STATE?USB_CDC_UART

?PR?CS_SEND_BREAK?USB_CLASS_REQUESTS             -----    -----      -----    
>> -----      -----    -----
  +--> ?PR?_SEND_BREAK?USB_CDC_UART

?PR?_SEND_BREAK?USB_CDC_UART                     -----    -----      -----    
>> -----      003FH    0002H

?PR?CS_SET_LINE_CODING_COMPLETE?USB_C...         -----    -----      -----    
>> -----      -----    -----
  +--> ?PR?_SWAP_ENDIAN_LONG?USB_CLASS_REQUESTS
  +--> ?PR?_SET_LINE_CODING?USB_CDC_UART

?PR?_SET_LINE_CODING?USB_CDC_UART                -----    -----      -----    
>> -----      -----    -----
  +--> ?PR?FLUSH_COMBUFFERS?USB_CDC_UART

*** NEW ROOT ***************************************************

?PR?UART0_ISR?UART                               -----    -----      -----    
>> -----      -----    -----
  +--> ?PR?BYTE_SET?UART
  +--> ?PR?WAIT_SET?UART

*** NEW ROOT ***************************************************

?PR?UART1_ISR?UART                               -----    -----      -----    
>> -----      -----    -----
  +--> ?PR?BYTE_SET?UART
  +--> ?PR?WAIT_SET?UART

*** NEW ROOT ***************************************************

?PR?INT0_ISR?UART                                -----    -----      -----    
>> -----      -----    -----
  +--> ?PR?BYTE_SET?UART
  +--> ?PR?CHANGE_BAUD?UART
  +--> ?PR?CHANGE_TIMEOUT?UART

BL51 BANKED LINKER/LOCATER V6.22            04/03/2023  15:54:12  PAGE 6


?PR?CHANGE_BAUD?UART                             -----    -----      -----    
>> -----      -----    -----
  +--> ?PR?_UART0_INIT?UART
  +--> ?PR?_UART1_INIT?UART
  +--> ?PR?FINISH_INT?UART

?PR?_UART0_INIT?UART                             -----    -----      -----    
>> -----      0053H    0002H

?PR?_UART1_INIT?UART                             -----    -----      -----    
>> -----      0053H    0002H

?PR?CHANGE_TIMEOUT?UART                          -----    -----      -----    
>> -----      -----    -----
  +--> ?PR?FINISH_INT?UART

*** NEW ROOT ***************************************************

?PR?TIMER2_ISR?UART                              -----    -----      -----    
>> -----      -----    -----
  +--> ?PR?FINISH_INT?UART

*** NEW ROOT ***************************************************

?C_C51STARTUP                                    -----    -----      -----    
>> -----      -----    -----
  +--> ?PR?MAIN?USB_MAIN
  +--> ?C_INITSEG

?PR?MAIN?USB_MAIN                                -----    -----      -----    
>> -----      0048H    000BH
  +--> ?PR?SYSCLK_INIT?USB_MAIN
  +--> ?PR?PORT_INIT?USB_MAIN
  +--> ?PR?INIT_EXRAM?EXTSRAM
  +--> ?PR?USB0_INIT?USB_MAIN
  +--> ?PR?TIMER_INIT?UART
  +--> ?PR?_UART0_INIT?UART
  +--> ?PR?_UART1_INIT?UART
  +--> ?PR?INT0_INIT?UART
  +--> ?PR?SPI_INIT?SPI
  +--> ?PR?FLUSH_COMBUFFERS?USB_CDC_UART
  +--> ?CO?USB_MAIN
  +--> ?PR?PRINTF?PRINTF
  +--> ?PR?_SPI_MASTERSEND?SPI
  +--> ?PR?HANDLE_IN2?USB_CLASS_REQUESTS
  +--> ?PR?HANDLE_OUT2?USB_CLASS_REQUESTS
  +--> ?PR?COMGETBYTE?USB_CDC_UART
  +--> ?PR?_MAKE_VOLKOV_PACKAGE?USB_MAIN

?PR?SYSCLK_INIT?USB_MAIN                         -----    -----      -----    
>> -----      -----    -----
  +--> ?PR?DELAY?USB_MAIN

?PR?PRINTF?PRINTF                                0020H.1  0001H.1    0008H    
>> 0005H      0053H    000FH
  +--> ?PR?_PUTCHAR?USB_MAIN

?PR?_PUTCHAR?USB_MAIN                            -----    -----      -----    
>> -----      0062H    0001H
  +--> ?PR?_COMPUTBYTE?USB_CDC_UART

?PR?_SPI_MASTERSEND?SPI                          -----    -----      -----    
>> -----      -----    -----
  +--> ?PR?_SPI_MASTERTRANSMIT?SPI
  +--> ?PR?SPI_MASTERRECEIVE?SPI
BL51 BANKED LINKER/LOCATER V6.22            04/03/2023  15:54:12  PAGE 7



?PR?HANDLE_IN2?USB_CLASS_REQUESTS                0020H.1  0000H.1    -----    
>> -----      0053H    0003H
  +--> ?PR?_FIFO_WRITE_XDATA?FIFO_WT_XD

?PR?HANDLE_OUT2?USB_CLASS_REQUESTS               0020H.1  0000H.1    -----    
>> -----      0053H    0003H
  +--> ?PR?_FIFO_READ_XDATA?FIFO_RD_XD

?PR?_MAKE_VOLKOV_PACKAGE?USB_MAIN                -----    -----      -----    
>> -----      0053H    0001H



SYMBOL TABLE OF MODULE:  D:\Inc\work\silabs\USB_CDC_485_4.5.2\Keil_USB_CDC_ske
>> leton (USB_ISR)

  VALUE           TYPE          NAME
  ----------------------------------

  -------         MODULE        USB_ISR
  C:0000H         SYMBOL        _ICE_DUMMY_
  C:0046H         PUBLIC        Usb_Reset
  X:0000H         PUBLIC        Setup
  X:0008H         PUBLIC        DataSize
  B:0021H.2       PUBLIC        send_eq_requested
  D:00F1H         PUBLIC        P0MDIN
  D:00F2H         PUBLIC        P1MDIN
  D:00F3H         PUBLIC        P2MDIN
  D:00F4H         PUBLIC        P3MDIN
  X:000AH         PUBLIC        DataPtr
  D:00B2H         PUBLIC        OSCICN
  C:07EEH         PUBLIC        Handle_Setup
  B:0021H.3       PUBLIC        Ep_StatusOUT2
  X:000DH         PUBLIC        Ep_Status0
  B:0021H.4       PUBLIC        Ep_Status1
  X:000EH         PUBLIC        USB_State
  C:133BH         PUBLIC        Handle_EP_HALT
  C:1DA7H         PUBLIC        _Fifo_Read
  B:0021H.5       PUBLIC        Ep_StatusIN2
  B:0021H.6       PUBLIC        setup_handled
  C:2001H         PUBLIC        Usb_Suspend
  D:0096H         PUBLIC        USB0ADR
  C:1F56H         PUBLIC        _Fifo_Write
  D:0097H         PUBLIC        USB0DAT
  C:1647H         PUBLIC        Usb_ISR
  -------         PROC          USB_ISR
  -------         DO            
  X:0039H         SYMBOL        bCommon
  X:003AH         SYMBOL        bIn
  X:003BH         SYMBOL        bOut
  -------         ENDDO         
  C:1647H         LINE#         84
  C:1664H         LINE#         86
  C:1664H         LINE#         87
  C:1676H         LINE#         88
  C:1688H         LINE#         89
  C:169AH         LINE#         90
  C:169AH         LINE#         97
  C:16A0H         LINE#         98
  C:16A0H         LINE#         99
  C:16A3H         LINE#         100
  C:16A3H         LINE#         101
  C:16A9H         LINE#         102
  C:16A9H         LINE#         103
BL51 BANKED LINKER/LOCATER V6.22            04/03/2023  15:54:12  PAGE 8


  C:16ACH         LINE#         104
  C:16AFH         LINE#         105
  C:16AFH         LINE#         106
  C:16B5H         LINE#         107
  C:16B5H         LINE#         108
  C:16B8H         LINE#         109
  C:16B8H         LINE#         110
  C:16BEH         LINE#         111
  C:16BEH         LINE#         112
  C:16C1H         LINE#         113
  C:16C1H         LINE#         114
  C:16C1H         LINE#         115
  -------         ENDPROC       USB_ISR
  -------         PROC          USB_RESET
  C:0046H         LINE#         140
  C:0046H         LINE#         141
  C:0046H         LINE#         142
  C:0051H         LINE#         143
  C:005CH         LINE#         144
  C:0067H         LINE#         146
  C:0072H         LINE#         149
  C:0077H         LINE#         151
  C:007AH         LINE#         152
  C:007CH         LINE#         153
  C:007EH         LINE#         154
  C:0080H         LINE#         155
  -------         ENDPROC       USB_RESET
  -------         PROC          HANDLE_SETUP
  -------         DO            
  X:003CH         SYMBOL        ControlReg
  X:003DH         SYMBOL        TempReg
  X:003EH         SYMBOL        dataCount
  -------         ENDDO         
  C:07EEH         LINE#         169
  C:07EEH         LINE#         170
  C:07EEH         LINE#         171
  C:07EEH         LINE#         174
  C:07F9H         LINE#         175
  C:080BH         LINE#         177
  C:0810H         LINE#         178
  C:0810H         LINE#         179
  C:081BH         LINE#         180
  C:081FH         LINE#         182
  C:081FH         LINE#         184
  C:0823H         LINE#         185
  C:0823H         LINE#         186
  C:082EH         LINE#         187
  C:0832H         LINE#         188
  C:0832H         LINE#         190
  C:083AH         LINE#         191
  C:083AH         LINE#         192
  C:0843H         LINE#         193
  C:0843H         LINE#         194
  C:0850H         LINE#         198
  C:085CH         LINE#         199
  C:0868H         LINE#         200
  C:0874H         LINE#         203
  C:0876H         LINE#         204
  C:0887H         LINE#         205
  C:0887H         LINE#         206
  C:0887H         LINE#         207
  C:088AH         LINE#         208
  C:088CH         LINE#         209
  C:088CH         LINE#         210
  C:088FH         LINE#         211
BL51 BANKED LINKER/LOCATER V6.22            04/03/2023  15:54:12  PAGE 9


  C:0891H         LINE#         212
  C:0891H         LINE#         213
  C:0894H         LINE#         214
  C:0894H         LINE#         215
  C:0894H         LINE#         216
  C:0894H         LINE#         217
  C:0894H         LINE#         219
  C:089FH         LINE#         220
  C:08A2H         LINE#         221
  C:08A2H         LINE#         222
  C:08ADH         LINE#         223
  C:08AFH         LINE#         225
  C:08BAH         LINE#         226
  C:08BFH         LINE#         227
  C:08BFH         LINE#         229
  C:08D7H         LINE#         231
  C:08D7H         LINE#         232
  C:08D7H         LINE#         234
  C:08E1H         LINE#         235
  C:08E1H         LINE#         236
  C:08EAH         LINE#         237
  C:08EAH         LINE#         238
  C:08FCH         LINE#         241
  C:0903H         LINE#         244
  C:0903H         LINE#         245
  C:0908H         LINE#         247
  C:0914H         LINE#         248
  C:0914H         LINE#         250
  C:0925H         LINE#         251
  C:0930H         LINE#         252
  C:093BH         LINE#         253
  C:0946H         LINE#         254
  C:0946H         LINE#         255
  C:0946H         LINE#         256
  C:0946H         LINE#         257
  C:0946H         LINE#         258
  C:0948H         LINE#         260
  C:095BH         LINE#         261
  C:0961H         LINE#         262
  C:0965H         LINE#         263
  C:0965H         LINE#         264
  C:0972H         LINE#         265
  C:0972H         LINE#         266
  C:0972H         LINE#         267
  C:0972H         LINE#         269
  C:097CH         LINE#         270
  C:097CH         LINE#         271
  C:098EH         LINE#         272
  C:0992H         LINE#         273
  C:0992H         LINE#         274
  C:0995H         LINE#         276
  C:09A7H         LINE#         277
  C:09B8H         LINE#         281
  C:09C8H         LINE#         282
  C:09D5H         LINE#         283
  C:09E0H         LINE#         284
  C:09E0H         LINE#         285
  C:09E6H         LINE#         286
  C:09ECH         LINE#         287
  C:09F0H         LINE#         289
  C:09FBH         LINE#         291
  C:09FEH         LINE#         292
  C:09FEH         LINE#         294
  C:0A0BH         LINE#         295
  C:0A0BH         LINE#         296
BL51 BANKED LINKER/LOCATER V6.22            04/03/2023  15:54:12  PAGE 10


  C:0A0BH         LINE#         298
  -------         ENDPROC       HANDLE_SETUP
  -------         PROC          USB_SUSPEND
  C:2001H         LINE#         311
  C:2001H         LINE#         312
  C:2001H         LINE#         314
  C:2004H         LINE#         315
  C:2006H         LINE#         316
  C:2008H         LINE#         317
  C:200AH         LINE#         322
  C:200DH         LINE#         336
  C:2010H         LINE#         337
  C:2013H         LINE#         338
  C:2016H         LINE#         339
  C:2019H         LINE#         346
  -------         ENDPROC       USB_SUSPEND
  -------         PROC          HANDLE_EP_HALT
  -------         DO            
  D:0007H         SYMBOL        ControlReg
  -------         ENDDO         
  C:133BH         LINE#         380
  C:133BH         LINE#         381
  C:133BH         LINE#         382
  C:133BH         LINE#         385
  C:1346H         LINE#         386
  C:1355H         LINE#         387
  C:1358H         LINE#         388
  C:1358H         LINE#         389
  C:1363H         LINE#         390
  C:1365H         LINE#         392
  C:1365H         LINE#         393
  C:1369H         LINE#         394
  C:1369H         LINE#         395
  C:1374H         LINE#         396
  C:1374H         LINE#         397
  C:1374H         LINE#         400
  C:137FH         LINE#         401
  C:138EH         LINE#         402
  C:1391H         LINE#         403
  C:1391H         LINE#         404
  C:139CH         LINE#         405
  C:139EH         LINE#         407
  C:139EH         LINE#         408
  C:13A2H         LINE#         409
  C:13A2H         LINE#         410
  C:13ADH         LINE#         411
  C:13ADH         LINE#         412
  C:13ADH         LINE#         415
  C:13BCH         LINE#         416
  C:13BFH         LINE#         417
  C:13BFH         LINE#         418
  C:13CAH         LINE#         419
  C:13CBH         LINE#         421
  C:13CBH         LINE#         422
  C:13CFH         LINE#         423
  C:13CFH         LINE#         424
  C:13DAH         LINE#         425
  C:13DAH         LINE#         426
  C:13DAH         LINE#         427
  -------         ENDPROC       HANDLE_EP_HALT
  -------         PROC          _FIFO_READ
  D:0007H         SYMBOL        addr
  D:0005H         SYMBOL        uNumBytes
  D:0001H         SYMBOL        pData
  C:1DA7H         LINE#         443
BL51 BANKED LINKER/LOCATER V6.22            04/03/2023  15:54:12  PAGE 11


  C:1DA7H         LINE#         444
  C:1DA7H         LINE#         445
  C:1DAAH         LINE#         446
  C:1DAAH         LINE#         447
  C:1DACH         LINE#         448
  C:1DACH         LINE#         449
  C:1DB1H         LINE#         450
  C:1DB6H         LINE#         451
  C:1DB8H         LINE#         453
  C:1DB8H         LINE#         455
  C:1DB8H         LINE#         456
  C:1DBDH         LINE#         462
  C:1DBDH         LINE#         463
  C:1DC2H         LINE#         465
  C:1DC7H         LINE#         466
  C:1DCEH         LINE#         467
  C:1DD0H         LINE#         469
  C:1DD5H         LINE#         470
  C:1DD8H         LINE#         471
  C:1DDDH         LINE#         472
  C:1DDDH         LINE#         473
  C:1DDDH         LINE#         474
  -------         ENDPROC       _FIFO_READ
  -------         PROC          _FIFO_WRITE
  D:0007H         SYMBOL        addr
  D:0005H         SYMBOL        uNumBytes
  D:0001H         SYMBOL        pData
  C:1F56H         LINE#         489
  C:1F56H         LINE#         490
  C:1F56H         LINE#         492
  C:1F59H         LINE#         493
  C:1F59H         LINE#         494
  C:1F5EH         LINE#         496
  C:1F60H         LINE#         500
  C:1F60H         LINE#         502
  C:1F65H         LINE#         503
  C:1F6CH         LINE#         504
  C:1F71H         LINE#         505
  C:1F73H         LINE#         506
  C:1F73H         LINE#         507
  -------         ENDPROC       _FIFO_WRITE
  -------         ENDMOD        USB_ISR

  -------         MODULE        USB_MAIN
  C:0000H         SYMBOL        _ICE_DUMMY_
  D:0090H         PUBLIC        P1
  D:00B0H         PUBLIC        P3
  D:00C7H         PUBLIC        P4
  D:00E6H         PUBLIC        EIE1
  D:00D7H         PUBLIC        USB0XCN
  X:0010H         PUBLIC        timeout
  D:00A4H         PUBLIC        P0MDOUT
  D:00A5H         PUBLIC        P1MDOUT
  D:00A8H         PUBLIC        IE
  D:00A7H         PUBLIC        P3MDOUT
  D:00AEH         PUBLIC        P4MDOUT
  D:00D9H         PUBLIC        PCA0MD
  D:00E1H         PUBLIC        XBR0
  C:1F07H         PUBLIC        Port_Init
  D:00E2H         PUBLIC        XBR1
  D:00E3H         PUBLIC        XBR2
  X:0012H         PUBLIC        timer
  C:0086H         PUBLIC        main
  C:1056H         PUBLIC        _Make_volkov_package
  D:00D4H         PUBLIC        P0SKIP
BL51 BANKED LINKER/LOCATER V6.22            04/03/2023  15:54:12  PAGE 12


  D:00D5H         PUBLIC        P1SKIP
  D:00D6H         PUBLIC        P2SKIP
  D:00DFH         PUBLIC        P3SKIP
  X:0103H         PUBLIC        buf
  B:0088H.1       PUBLIC        IE0
  D:00A9H         PUBLIC        CLKSEL
  D:00B2H         PUBLIC        OSCICN
  C:1EAEH         PUBLIC        _checkbit
  D:00B9H         PUBLIC        CLKMUL
  C:1BDEH         PUBLIC        Usb0_Init
  C:201AH         PUBLIC        _getkey
  C:20B7H         PUBLIC        showhelp
  C:2075H         PUBLIC        Delay
  C:1FCBH         PUBLIC        Sysclk_Init
  D:0096H         PUBLIC        USB0ADR
  D:0097H         PUBLIC        USB0DAT
  C:1F74H         PUBLIC        _putchar
  -------         PROC          _GETKEY
  -------         DO            
  X:000FH         SYMBOL        c
  -------         ENDDO         
  C:201AH         LINE#         100
  C:201AH         LINE#         102
  C:201FH         LINE#         104
  C:201FH         LINE#         105
  C:2022H         LINE#         106
  C:2025H         LINE#         107
  C:202BH         LINE#         108
  C:2032H         LINE#         109
  C:2032H         LINE#         110
  -------         ENDPROC       _GETKEY
  -------         PROC          _PUTCHAR
  X:0062H         SYMBOL        c
  C:1F74H         LINE#         117
  C:1F78H         LINE#         120
  C:1F7BH         LINE#         121
  C:1F7EH         LINE#         122
  C:1F83H         LINE#         123
  C:1F83H         LINE#         126
  C:1F86H         LINE#         127
  C:1F8DH         LINE#         129
  C:1F91H         LINE#         130
  -------         ENDPROC       _PUTCHAR
  -------         PROC          SHOWHELP
  C:20B7H         LINE#         132
  C:20B7H         LINE#         133
  C:20B7H         LINE#         134
  -------         ENDPROC       SHOWHELP
  -------         PROC          _CHECKBIT
  D:0082H         SYMBOL        value
  D:0004H         SYMBOL        position
  -------         DO            
  D:0002H         SYMBOL        result
  -------         ENDDO         
  C:1EAEH         LINE#         137
  C:1EB2H         LINE#         139
  C:1ED1H         LINE#         140
  C:1ED3H         LINE#         141
  C:1ED5H         LINE#         142
  C:1ED9H         LINE#         143
  C:1ED9H         LINE#         144
  C:1EDDH         LINE#         145
  -------         ENDPROC       _CHECKBIT
  -------         PROC          _MAKE_VOLKOV_PACKAGE
  D:0007H         SYMBOL        nch
BL51 BANKED LINKER/LOCATER V6.22            04/03/2023  15:54:12  PAGE 13


  X:0053H         SYMBOL        adr
  D:0002H         SYMBOL        N
  -------         DO            
  D:0001H         SYMBOL        xSum
  D:0004H         SYMBOL        i
  -------         ENDDO         
  C:1056H         LINE#         147
  C:105AH         LINE#         148
  C:105AH         LINE#         149
  C:105BH         LINE#         150
  C:105DH         LINE#         151
  C:1062H         LINE#         152
  C:1067H         LINE#         153
  C:106DH         LINE#         154
  C:1073H         LINE#         155
  C:1077H         LINE#         156
  C:1079H         LINE#         157
  C:1089H         LINE#         158
  C:1089H         LINE#         159
  C:10C6H         LINE#         160
  C:10C6H         LINE#         161
  C:10D1H         LINE#         162
  C:10D3H         LINE#         163
  C:10D3H         LINE#         164
  C:10E0H         LINE#         165
  C:10FAH         LINE#         166
  C:10FAH         LINE#         167
  C:1107H         LINE#         168
  C:110FH         LINE#         169
  C:111BH         LINE#         170
  C:1128H         LINE#         171
  -------         ENDPROC       _MAKE_VOLKOV_PACKAGE
  -------         PROC          MAIN
  -------         DO            
  X:0048H         SYMBOL        dt
  X:0049H         SYMBOL        num
  X:004BH         SYMBOL        Nstep
  X:004FH         SYMBOL        line_state
  X:0050H         SYMBOL        abd
  X:0051H         SYMBOL        i
  D:0006H         SYMBOL        t
  -------         ENDDO         
  C:0086H         LINE#         176
  C:0086H         LINE#         177
  C:0086H         LINE#         183
  C:008BH         LINE#         184
  C:0090H         LINE#         188
  C:0093H         LINE#         192
  C:0096H         LINE#         193
  C:0099H         LINE#         194
  C:009CH         LINE#         195
  C:009FH         LINE#         196
  C:00A2H         LINE#         197
  C:00A9H         LINE#         198
  C:00B0H         LINE#         199
  C:00B3H         LINE#         200
  C:00B6H         LINE#         201
  C:00B9H         LINE#         204
  C:00BCH         LINE#         205
  C:00BFH         LINE#         207
  C:00C8H         LINE#         208
  C:00C8H         LINE#         209
  C:00C8H         LINE#         210
  C:00CDH         LINE#         211
  C:00CDH         LINE#         212
BL51 BANKED LINKER/LOCATER V6.22            04/03/2023  15:54:12  PAGE 14


  C:00D6H         LINE#         213
  C:00DAH         LINE#         214
  C:00DAH         LINE#         215
  C:00E0H         LINE#         216
  C:00E0H         LINE#         217
  C:00E6H         LINE#         218
  C:00EFH         LINE#         219
  C:00F3H         LINE#         221
  C:00F3H         LINE#         222
  C:00F6H         LINE#         223
  C:00F9H         LINE#         224
  C:00FFH         LINE#         225
  C:00FFH         LINE#         226
  C:0106H         LINE#         227
  C:0112H         LINE#         228
  C:0152H         LINE#         229
  C:0152H         LINE#         230
  C:0156H         LINE#         231
  C:0156H         LINE#         232
  C:0158H         LINE#         233
  C:0165H         LINE#         234
  C:016EH         LINE#         235
  C:0171H         LINE#         236
  C:0186H         LINE#         237
  C:019BH         LINE#         238
  C:01B0H         LINE#         239
  C:01C5H         LINE#         240
  C:01CEH         LINE#         241
  C:01D1H         LINE#         242
  C:01DCH         LINE#         243
  C:01DFH         LINE#         244
  C:01E5H         LINE#         245
  C:01E9H         LINE#         246
  C:01EDH         LINE#         247
  C:01F1H         LINE#         248
  C:01F4H         LINE#         249
  C:01F7H         LINE#         250
  C:01FAH         LINE#         251
  C:01FDH         LINE#         252
  C:0200H         LINE#         253
  C:0203H         LINE#         254
  C:0205H         LINE#         255
  C:0215H         LINE#         256
  C:0218H         LINE#         257
  C:0235H         LINE#         258
  C:0255H         LINE#         259
  C:0275H         LINE#         260
  C:0291H         LINE#         261
  C:0294H         LINE#         262
  C:02A9H         LINE#         263
  C:02BEH         LINE#         264
  C:02D3H         LINE#         265
  C:02E8H         LINE#         266
  C:02F9H         LINE#         267
  C:02FCH         LINE#         268
  C:0311H         LINE#         269
  C:0326H         LINE#         270
  C:033BH         LINE#         271
  C:0350H         LINE#         272
  C:0361H         LINE#         273
  C:0363H         LINE#         274
  C:0378H         LINE#         275
  C:038DH         LINE#         276
  C:03A2H         LINE#         277
  C:03B7H         LINE#         278
BL51 BANKED LINKER/LOCATER V6.22            04/03/2023  15:54:12  PAGE 15


  C:03CCH         LINE#         279
  C:03CFH         LINE#         280
  C:03D6H         LINE#         281
  C:03DBH         LINE#         282
  C:03DFH         LINE#         283
  C:03E2H         LINE#         284
  C:03E8H         LINE#         285
  C:03ECH         LINE#         286
  C:03F2H         LINE#         287
  C:03F7H         LINE#         288
  C:03FBH         LINE#         289
  C:03FFH         LINE#         290
  C:0403H         LINE#         291
  C:0406H         LINE#         292
  C:040AH         LINE#         293
  C:040DH         LINE#         294
  C:040DH         LINE#         295
  C:040FH         LINE#         296
  C:0416H         LINE#         297
  C:041CH         LINE#         298
  C:0422H         LINE#         299
  C:0428H         LINE#         300
  C:042AH         LINE#         301
  C:0431H         LINE#         302
  C:0437H         LINE#         303
  C:043DH         LINE#         304
  C:043FH         LINE#         305
  C:0445H         LINE#         306
  C:0450H         LINE#         307
  C:0453H         LINE#         308
  C:0459H         LINE#         309
  C:045FH         LINE#         310
  C:0463H         LINE#         311
  C:0466H         LINE#         312
  C:046CH         LINE#         313
  C:0471H         LINE#         314
  C:0473H         LINE#         315
  C:0476H         LINE#         316
  C:047CH         LINE#         317
  C:0480H         LINE#         318
  C:0484H         LINE#         319
  C:0487H         LINE#         321
  C:0490H         LINE#         322
  C:0490H         LINE#         323
  -------         ENDPROC       MAIN
  -------         PROC          SYSCLK_INIT
  C:1FCBH         LINE#         341
  C:1FCBH         LINE#         342
  C:1FCBH         LINE#         345
  C:1FCEH         LINE#         348
  C:1FD1H         LINE#         350
  C:1FD4H         LINE#         351
  C:1FD7H         LINE#         352
  C:1FDAH         LINE#         353
  C:1FDDH         LINE#         354
  C:1FE2H         LINE#         355
  C:1FE5H         LINE#         358
  -------         ENDPROC       SYSCLK_INIT
  -------         PROC          PORT_INIT
  C:1F07H         LINE#         363
  C:1F07H         LINE#         364
  C:1F07H         LINE#         400
  C:1F0AH         LINE#         401
  C:1F0DH         LINE#         402
  C:1F10H         LINE#         403
BL51 BANKED LINKER/LOCATER V6.22            04/03/2023  15:54:12  PAGE 16


  C:1F13H         LINE#         404
  C:1F16H         LINE#         405
  C:1F19H         LINE#         406
  C:1F1CH         LINE#         407
  C:1F1FH         LINE#         408
  C:1F22H         LINE#         409
  C:1F25H         LINE#         410
  C:1F28H         LINE#         411
  C:1F2BH         LINE#         412
  C:1F2EH         LINE#         413
  -------         ENDPROC       PORT_INIT
  -------         PROC          USB0_INIT
  C:1BDEH         LINE#         427
  C:1BDEH         LINE#         428
  C:1BDEH         LINE#         429
  C:1BE9H         LINE#         432
  C:1BF4H         LINE#         433
  C:1BFFH         LINE#         434
  C:1C0AH         LINE#         436
  C:1C0DH         LINE#         437
  C:1C18H         LINE#         441
  C:1C23H         LINE#         442
  -------         ENDPROC       USB0_INIT
  -------         PROC          DELAY
  -------         DO            
  D:0006H         SYMBOL        x
  -------         ENDDO         
  C:2075H         LINE#         453
  C:2075H         LINE#         454
  C:2075H         LINE#         456
  C:2078H         LINE#         457
  C:2083H         LINE#         458
  -------         ENDPROC       DELAY
  -------         ENDMOD        USB_MAIN

  -------         MODULE        USB_STANDARD_REQUESTS
  C:0000H         SYMBOL        _ICE_DUMMY_
  C:11E8H         PUBLIC        Get_Status
  C:1B94H         PUBLIC        Get_Interface
  C:1294H         PUBLIC        Clear_Feature
  C:1F2FH         PUBLIC        Set_Interface
  C:1129H         PUBLIC        Get_Descriptor
  C:1B45H         PUBLIC        Standard_Device_Request
  C:0026H         PUBLIC        ONES_PACKET
  C:1CF1H         PUBLIC        Set_Address
  C:0028H         PUBLIC        ZERO_PACKET
  C:19EFH         PUBLIC        Set_Feature
  C:1992H         PUBLIC        Get_Configuration
  C:13DBH         PUBLIC        Set_Configuration
  D:0096H         PUBLIC        USB0ADR
  D:0097H         PUBLIC        USB0DAT
  -------         PROC          STANDARD_DEVICE_REQUEST
  C:1B45H         LINE#         104
  C:1B45H         LINE#         105
  C:1B45H         LINE#         106
  C:1B78H         LINE#         107
  C:1B78H         LINE#         108
  C:1B7BH         LINE#         109
  C:1B7EH         LINE#         110
  C:1B81H         LINE#         111
  C:1B84H         LINE#         112
  C:1B87H         LINE#         113
  C:1B8AH         LINE#         114
  C:1B8DH         LINE#         115
  C:1B90H         LINE#         116
BL51 BANKED LINKER/LOCATER V6.22            04/03/2023  15:54:12  PAGE 17


  C:1B93H         LINE#         117
  C:1B93H         LINE#         118
  C:1B93H         LINE#         119
  -------         ENDPROC       STANDARD_DEVICE_REQUEST
  -------         PROC          GET_STATUS
  -------         DO            
  B:0020H.0       SYMBOL        aStatus
  -------         ENDDO         
  C:11E8H         LINE#         136
  C:11E8H         LINE#         137
  C:11E8H         LINE#         141
  C:1202H         LINE#         142
  C:1202H         LINE#         144
  C:1210H         LINE#         145
  C:1210H         LINE#         146
  C:1210H         LINE#         147
  C:1219H         LINE#         148
  C:1219H         LINE#         150
  C:1219H         LINE#         151
  C:1219H         LINE#         152
  C:1219H         LINE#         153
  C:121BH         LINE#         155
  C:121BH         LINE#         157
  C:122EH         LINE#         158
  C:122EH         LINE#         160
  C:123BH         LINE#         161
  C:123DH         LINE#         162
  C:123DH         LINE#         163
  C:123FH         LINE#         165
  C:123FH         LINE#         167
  C:124BH         LINE#         168
  C:124BH         LINE#         169
  C:124DH         LINE#         170
  C:125AH         LINE#         171
  C:125AH         LINE#         172
  C:125EH         LINE#         173
  C:1262H         LINE#         174
  C:1268H         LINE#         175
  C:1268H         LINE#         176
  C:1268H         LINE#         177
  C:126FH         LINE#         178
  C:126FH         LINE#         180
  C:1278H         LINE#         181
  C:127AH         LINE#         183
  C:1283H         LINE#         184
  C:1283H         LINE#         185
  C:1283H         LINE#         186
  C:1283H         LINE#         188
  C:1283H         LINE#         189
  C:1283H         LINE#         190
  C:1283H         LINE#         191
  C:1283H         LINE#         193
  C:1286H         LINE#         194
  C:1286H         LINE#         196
  C:128BH         LINE#         197
  C:1293H         LINE#         198
  C:1293H         LINE#         199
  -------         ENDPROC       GET_STATUS
  -------         PROC          CLEAR_FEATURE
  C:1294H         LINE#         212
  C:1294H         LINE#         213
  C:1294H         LINE#         214
  C:12AAH         LINE#         216
  C:12AAH         LINE#         217
  C:12B8H         LINE#         218
BL51 BANKED LINKER/LOCATER V6.22            04/03/2023  15:54:12  PAGE 18


  C:12B8H         LINE#         219
  C:12B8H         LINE#         220
  C:12CCH         LINE#         222
  C:12CCH         LINE#         224
  C:12CEH         LINE#         225
  C:12CEH         LINE#         226
  C:12CFH         LINE#         228
  C:12CFH         LINE#         229
  C:12DDH         LINE#         231
  C:12DDH         LINE#         232
  C:12EAH         LINE#         233
  C:12EAH         LINE#         234
  C:12EAH         LINE#         235
  C:12F5H         LINE#         236
  C:1300H         LINE#         237
  C:1302H         LINE#         238
  C:1304H         LINE#         239
  C:1305H         LINE#         241
  C:1305H         LINE#         242
  C:1310H         LINE#         243
  C:131BH         LINE#         244
  C:131DH         LINE#         245
  C:131FH         LINE#         246
  C:1320H         LINE#         248
  C:1320H         LINE#         249
  C:132BH         LINE#         250
  C:1336H         LINE#         251
  C:1338H         LINE#         252
  C:133AH         LINE#         253
  C:133AH         LINE#         255
  C:133AH         LINE#         256
  C:133AH         LINE#         257
  C:133AH         LINE#         258
  C:133AH         LINE#         259
  C:133AH         LINE#         261
  C:133AH         LINE#         262
  C:133AH         LINE#         263
  C:133AH         LINE#         264
  C:133AH         LINE#         265
  -------         ENDPROC       CLEAR_FEATURE
  -------         PROC          SET_FEATURE
  C:19EFH         LINE#         278
  C:19EFH         LINE#         279
  C:19EFH         LINE#         280
  C:19FFH         LINE#         282
  C:19FFH         LINE#         283
  C:1A0AH         LINE#         284
  C:1A0AH         LINE#         285
  C:1A0AH         LINE#         286
  C:1A1EH         LINE#         288
  C:1A1EH         LINE#         290
  C:1A20H         LINE#         291
  C:1A20H         LINE#         292
  C:1A21H         LINE#         294
  C:1A21H         LINE#         295
  C:1A2FH         LINE#         297
  C:1A2FH         LINE#         298
  C:1A3CH         LINE#         299
  C:1A3CH         LINE#         300
  C:1A3CH         LINE#         301
  C:1A3EH         LINE#         302
  C:1A40H         LINE#         303
  C:1A41H         LINE#         305
  C:1A41H         LINE#         306
  C:1A43H         LINE#         307
BL51 BANKED LINKER/LOCATER V6.22            04/03/2023  15:54:12  PAGE 19


  C:1A45H         LINE#         308
  C:1A46H         LINE#         310
  C:1A46H         LINE#         311
  C:1A48H         LINE#         312
  C:1A4AH         LINE#         313
  C:1A4AH         LINE#         315
  C:1A4AH         LINE#         316
  C:1A4AH         LINE#         317
  C:1A4AH         LINE#         318
  C:1A4AH         LINE#         319
  C:1A4AH         LINE#         321
  C:1A4AH         LINE#         322
  C:1A4AH         LINE#         323
  C:1A4AH         LINE#         324
  C:1A4AH         LINE#         325
  -------         ENDPROC       SET_FEATURE
  -------         PROC          SET_ADDRESS
  C:1CF1H         LINE#         338
  C:1CF1H         LINE#         339
  C:1CF1H         LINE#         340
  C:1D12H         LINE#         344
  C:1D12H         LINE#         345
  C:1D14H         LINE#         346
  C:1D14H         LINE#         347
  C:1D21H         LINE#         349
  C:1D26H         LINE#         350
  C:1D28H         LINE#         352
  C:1D28H         LINE#         353
  C:1D2DH         LINE#         354
  C:1D2DH         LINE#         355
  C:1D2FH         LINE#         356
  C:1D2FH         LINE#         357
  -------         ENDPROC       SET_ADDRESS
  -------         PROC          GET_DESCRIPTOR
  C:1129H         LINE#         371
  C:1129H         LINE#         372
  C:1129H         LINE#         373
  C:1133H         LINE#         374
  C:1133H         LINE#         375
  C:1144H         LINE#         376
  C:1144H         LINE#         377
  C:1144H         LINE#         378
  C:1155H         LINE#         379
  C:1155H         LINE#         380
  C:1162H         LINE#         381
  C:1169H         LINE#         382
  C:1169H         LINE#         383
  C:1169H         LINE#         384
  C:116BH         LINE#         386
  C:116BH         LINE#         387
  C:1179H         LINE#         388
  C:1179H         LINE#         389
  C:1186H         LINE#         390
  C:118DH         LINE#         391
  C:118DH         LINE#         392
  C:118DH         LINE#         393
  C:118FH         LINE#         395
  C:118FH         LINE#         397
  C:1198H         LINE#         398
  C:1198H         LINE#         399
  C:11BCH         LINE#         400
  C:11C7H         LINE#         401
  C:11C9H         LINE#         402
  C:11C9H         LINE#         403
  C:11C9H         LINE#         405
BL51 BANKED LINKER/LOCATER V6.22            04/03/2023  15:54:12  PAGE 20


  C:11C9H         LINE#         406
  C:11C9H         LINE#         407
  C:11C9H         LINE#         408
  C:11C9H         LINE#         410
  C:11CCH         LINE#         411
  C:11CCH         LINE#         412
  C:11D1H         LINE#         413
  C:11E2H         LINE#         414
  C:11E7H         LINE#         415
  C:11E7H         LINE#         416
  -------         ENDPROC       GET_DESCRIPTOR
  -------         PROC          GET_CONFIGURATION
  C:1992H         LINE#         429
  C:1992H         LINE#         430
  C:1992H         LINE#         431
  C:19B6H         LINE#         435
  C:19B6H         LINE#         436
  C:19BDH         LINE#         437
  C:19BDH         LINE#         438
  C:19CAH         LINE#         439
  C:19CCH         LINE#         440
  C:19CCH         LINE#         441
  C:19D0H         LINE#         442
  C:19D0H         LINE#         443
  C:19DDH         LINE#         444
  C:19DFH         LINE#         445
  C:19DFH         LINE#         446
  C:19DFH         LINE#         448
  C:19E2H         LINE#         449
  C:19E2H         LINE#         451
  C:19E7H         LINE#         452
  C:19EEH         LINE#         453
  C:19EEH         LINE#         454
  -------         ENDPROC       GET_CONFIGURATION
  -------         PROC          SET_CONFIGURATION
  C:13DBH         LINE#         467
  C:13DBH         LINE#         468
  C:13DBH         LINE#         469
  C:13FBH         LINE#         472
  C:13FBH         LINE#         473
  C:1403H         LINE#         474
  C:1403H         LINE#         475
  C:1408H         LINE#         484
  C:1413H         LINE#         485
  C:141EH         LINE#         486
  C:1429H         LINE#         487
  C:142BH         LINE#         489
  C:142DH         LINE#         490
  C:1430H         LINE#         492
  C:143BH         LINE#         493
  C:1446H         LINE#         494
  C:1451H         LINE#         495
  C:145CH         LINE#         496
  C:1467H         LINE#         497
  C:1469H         LINE#         498
  C:146BH         LINE#         499
  C:146DH         LINE#         501
  C:146DH         LINE#         502
  C:1472H         LINE#         503
  C:1474H         LINE#         504
  C:1476H         LINE#         505
  C:1478H         LINE#         506
  C:1478H         LINE#         508
  C:147AH         LINE#         509
  C:147AH         LINE#         510
BL51 BANKED LINKER/LOCATER V6.22            04/03/2023  15:54:12  PAGE 21


  -------         ENDPROC       SET_CONFIGURATION
  -------         PROC          GET_INTERFACE
  C:1B94H         LINE#         524
  C:1B94H         LINE#         525
  C:1B94H         LINE#         526
  C:1BC2H         LINE#         531
  C:1BC2H         LINE#         532
  C:1BCFH         LINE#         533
  C:1BD4H         LINE#         534
  C:1BDBH         LINE#         535
  C:1BDDH         LINE#         536
  C:1BDDH         LINE#         537
  -------         ENDPROC       GET_INTERFACE
  -------         PROC          SET_INTERFACE
  C:1F2FH         LINE#         552
  C:1F2FH         LINE#         553
  C:1F2FH         LINE#         556
  C:1F53H         LINE#         560
  C:1F53H         LINE#         562
  C:1F55H         LINE#         563
  C:1F55H         LINE#         564
  -------         ENDPROC       SET_INTERFACE
  -------         ENDMOD        USB_STANDARD_REQUESTS

  -------         MODULE        USB_DESCRIPTOR
  C:0000H         SYMBOL        _ICE_DUMMY_
  C:0F91H         PUBLIC        ConfigDescSet
  C:0FD4H         PUBLIC        String0Desc
  C:0FD8H         PUBLIC        String1Desc
  C:100CH         PUBLIC        String2Desc
  C:1044H         PUBLIC        String3Desc
  C:0F7FH         PUBLIC        DeviceDesc
  C:104EH         PUBLIC        StringDescTable
  -------         ENDMOD        USB_DESCRIPTOR

  -------         MODULE        USB_CLASS_REQUESTS
  C:0000H         SYMBOL        _ICE_DUMMY_
  C:1EDEH         PUBLIC        CS_Get_Encapsulated_Command
  D:00E6H         PUBLIC        EIE1
  C:1AF4H         PUBLIC        Handle_In1
  C:0E8EH         PUBLIC        Handle_In2
  C:0D8FH         PUBLIC        Handle_Out2
  C:1D30H         PUBLIC        _swap_endian_long
  X:0013H         PUBLIC        cs_Line_State
  C:18C8H         PUBLIC        CS_Get_Line_Coding
  C:002AH         PUBLIC        Vendor_Request
  C:1DDEH         PUBLIC        CS_Set_Line_Coding
  C:1E48H         PUBLIC        Class_Request
  C:1FAFH         PUBLIC        CS_Send_Break
  I:000DH         PUBLIC        cs_temp_buffer
  C:1FE6H         PUBLIC        CS_Set_ControlLine_State
  C:20C9H         PUBLIC        serialStateResponse
  C:20ADH         PUBLIC        CS_Set_Line_Coding_Complete
  C:1D6EH         PUBLIC        CS_Send_Encapsulated_Command
  B:0022H.3       PUBLIC        cs_Line_State_Update
  D:0096H         PUBLIC        USB0ADR
  D:0097H         PUBLIC        USB0DAT
  -------         PROC          CLASS_REQUEST
  C:1E48H         LINE#         89
  C:1E48H         LINE#         90
  C:1E48H         LINE#         91
  C:1E51H         LINE#         92
  C:1E51H         LINE#         93
  C:1E68H         LINE#         94
  C:1E68H         LINE#         95
BL51 BANKED LINKER/LOCATER V6.22            04/03/2023  15:54:12  PAGE 22


  C:1E6BH         LINE#         96
  C:1E6EH         LINE#         97
  C:1E71H         LINE#         98
  C:1E74H         LINE#         99
  C:1E77H         LINE#         100
  C:1E7AH         LINE#         101
  C:1E7AH         LINE#         102
  C:1E7AH         LINE#         103
  C:1E7AH         LINE#         104
  -------         ENDPROC       CLASS_REQUEST
  -------         PROC          CS_SEND_ENCAPSULATED_COMMAND
  C:1D6EH         LINE#         118
  C:1D6EH         LINE#         119
  C:1D6EH         LINE#         120
  C:1D8CH         LINE#         123
  C:1D8CH         LINE#         124
  C:1D91H         LINE#         125
  C:1D9DH         LINE#         126
  C:1DA4H         LINE#         127
  C:1DA6H         LINE#         128
  C:1DA6H         LINE#         129
  -------         ENDPROC       CS_SEND_ENCAPSULATED_COMMAND
  -------         PROC          CS_GET_ENCAPSULATED_COMMAND
  C:1EDEH         LINE#         139
  C:1EDEH         LINE#         140
  C:1EDEH         LINE#         141
  C:1EEDH         LINE#         143
  C:1EEDH         LINE#         144
  C:1EF2H         LINE#         145
  C:1EFEH         LINE#         146
  C:1F04H         LINE#         147
  C:1F06H         LINE#         148
  C:1F06H         LINE#         149
  -------         ENDPROC       CS_GET_ENCAPSULATED_COMMAND
  -------         PROC          CS_SET_LINE_CODING
  C:1DDEH         LINE#         167
  C:1DDEH         LINE#         168
  C:1DDEH         LINE#         169
  C:1DF8H         LINE#         172
  C:1DF8H         LINE#         173
  C:1DFDH         LINE#         174
  C:1E09H         LINE#         175
  C:1E11H         LINE#         176
  C:1E13H         LINE#         177
  C:1E13H         LINE#         178
  -------         ENDPROC       CS_SET_LINE_CODING
  -------         PROC          CS_SET_LINE_CODING_COMPLETE
  C:20ADH         LINE#         181
  C:20ADH         LINE#         182
  C:20ADH         LINE#         186
  C:20B2H         LINE#         190
  -------         ENDPROC       CS_SET_LINE_CODING_COMPLETE
  -------         PROC          CS_GET_LINE_CODING
  -------         DO            
  X:003FH         SYMBOL        cnt
  X:0040H         SYMBOL        dst
  X:0041H         SYMBOL        src
  -------         ENDDO         
  C:18C8H         LINE#         201
  C:18C8H         LINE#         202
  C:18C8H         LINE#         203
  C:18E3H         LINE#         206
  C:18E3H         LINE#         213
  C:18E8H         LINE#         214
  C:18ECH         LINE#         215
BL51 BANKED LINKER/LOCATER V6.22            04/03/2023  15:54:12  PAGE 23


  C:18F1H         LINE#         216
  C:190DH         LINE#         218
  C:1912H         LINE#         220
  C:191EH         LINE#         225
  C:1923H         LINE#         226
  C:192BH         LINE#         227
  C:192DH         LINE#         228
  C:192DH         LINE#         229
  -------         ENDPROC       CS_GET_LINE_CODING
  -------         PROC          CS_SET_CONTROLLINE_STATE
  C:1FE6H         LINE#         242
  C:1FE6H         LINE#         243
  C:1FE6H         LINE#         244
  C:1FF5H         LINE#         246
  C:1FF5H         LINE#         247
  C:1FFEH         LINE#         248
  C:2000H         LINE#         249
  C:2000H         LINE#         250
  -------         ENDPROC       CS_SET_CONTROLLINE_STATE
  -------         PROC          CS_SEND_BREAK
  C:1FAFH         LINE#         263
  C:1FAFH         LINE#         264
  C:1FAFH         LINE#         265
  C:1FBEH         LINE#         267
  C:1FBEH         LINE#         268
  C:1FC8H         LINE#         269
  C:1FCAH         LINE#         270
  C:1FCAH         LINE#         271
  -------         ENDPROC       CS_SEND_BREAK
  -------         PROC          VENDOR_REQUEST
  C:002AH         LINE#         297
  C:002AH         LINE#         298
  C:002AH         LINE#         299
  -------         ENDPROC       VENDOR_REQUEST
  -------         PROC          HANDLE_IN1
  -------         DO            
  D:0007H         SYMBOL        ControlReg
  -------         ENDDO         
  C:1AF4H         LINE#         376
  C:1AF4H         LINE#         377
  C:1AF4H         LINE#         380
  C:1AF7H         LINE#         381
  C:1AF7H         LINE#         382
  C:1B02H         LINE#         383
  C:1B11H         LINE#         385
  C:1B18H         LINE#         387
  C:1B18H         LINE#         388
  C:1B1AH         LINE#         391
  C:1B27H         LINE#         392
  C:1B2CH         LINE#         393
  C:1B31H         LINE#         394
  C:1B34H         LINE#         395
  C:1B39H         LINE#         396
  C:1B44H         LINE#         399
  C:1B44H         LINE#         400
  C:1B44H         LINE#         401
  -------         ENDPROC       HANDLE_IN1
  -------         PROC          HANDLE_IN2
  -------         DO            
  D:0007H         SYMBOL        ControlReg
  X:0053H         SYMBOL        send_cnt
  X:0054H         SYMBOL        first_cnt
  X:0055H         SYMBOL        second_cnt
  D:0006H         SYMBOL        pos
  B:0020H.1       SYMBOL        turnover
BL51 BANKED LINKER/LOCATER V6.22            04/03/2023  15:54:12  PAGE 24


  -------         ENDDO         
  C:0E8EH         LINE#         420
  C:0E8EH         LINE#         421
  C:0E8EH         LINE#         427
  C:0E94H         LINE#         428
  C:0E94H         LINE#         429
  C:0E97H         LINE#         431
  C:0EA2H         LINE#         432
  C:0EB1H         LINE#         435
  C:0EC5H         LINE#         436
  C:0EC5H         LINE#         437
  C:0ED0H         LINE#         438
  C:0ED5H         LINE#         440
  C:0ED7H         LINE#         442
  C:0EEDH         LINE#         443
  C:0EF7H         LINE#         444
  C:0EF7H         LINE#         445
  C:0EFAH         LINE#         446
  C:0EFDH         LINE#         447
  C:0EFFH         LINE#         448
  C:0F01H         LINE#         450
  C:0F01H         LINE#         451
  C:0F05H         LINE#         452
  C:0F0CH         LINE#         453
  C:0F0EH         LINE#         454
  C:0F0EH         LINE#         456
  C:0F1EH         LINE#         457
  C:0F24H         LINE#         458
  C:0F2DH         LINE#         459
  C:0F38H         LINE#         461
  C:0F3BH         LINE#         462
  C:0F4FH         LINE#         464
  C:0F5DH         LINE#         466
  C:0F70H         LINE#         467
  C:0F7BH         LINE#         468
  C:0F7BH         LINE#         470
  C:0F7EH         LINE#         471
  C:0F7EH         LINE#         472
  -------         ENDPROC       HANDLE_IN2
  -------         PROC          HANDLE_OUT2
  -------         DO            
  D:0007H         SYMBOL        ControlReg
  X:0053H         SYMBOL        FIFO_Cnt
  X:0054H         SYMBOL        first_cnt
  X:0055H         SYMBOL        second_cnt
  D:0006H         SYMBOL        pos
  B:0020H.1       SYMBOL        turnover
  -------         ENDDO         
  C:0D8FH         LINE#         486
  C:0D8FH         LINE#         487
  C:0D8FH         LINE#         493
  C:0D95H         LINE#         494
  C:0D95H         LINE#         495
  C:0D98H         LINE#         497
  C:0DA3H         LINE#         498
  C:0DB2H         LINE#         500
  C:0DB9H         LINE#         501
  C:0DB9H         LINE#         502
  C:0DCBH         LINE#         504
  C:0DE9H         LINE#         505
  C:0DE9H         LINE#         506
  C:0DFEH         LINE#         507
  C:0E08H         LINE#         508
  C:0E08H         LINE#         509
  C:0E0BH         LINE#         510
BL51 BANKED LINKER/LOCATER V6.22            04/03/2023  15:54:12  PAGE 25


  C:0E0EH         LINE#         511
  C:0E10H         LINE#         512
  C:0E12H         LINE#         514
  C:0E12H         LINE#         515
  C:0E16H         LINE#         516
  C:0E1DH         LINE#         517
  C:0E1FH         LINE#         518
  C:0E1FH         LINE#         520
  C:0E2FH         LINE#         521
  C:0E35H         LINE#         522
  C:0E3EH         LINE#         523
  C:0E49H         LINE#         525
  C:0E4CH         LINE#         526
  C:0E60H         LINE#         528
  C:0E6EH         LINE#         530
  C:0E7CH         LINE#         531
  C:0E8AH         LINE#         532
  C:0E8AH         LINE#         533
  C:0E8AH         LINE#         535
  C:0E8DH         LINE#         536
  C:0E8DH         LINE#         537
  -------         ENDPROC       HANDLE_OUT2
  -------         PROC          _SWAP_ENDIAN_LONG
  D:0007H         SYMBOL        lptr
  -------         DO            
  X:0042H         SYMBOL        tmp
  D:0007H         SYMBOL        ptr
  -------         ENDDO         
  C:1D30H         LINE#         547
  C:1D30H         LINE#         548
  C:1D30H         LINE#         561
  C:1D30H         LINE#         563
  C:1D36H         LINE#         564
  C:1D3DH         LINE#         565
  C:1D45H         LINE#         566
  C:1D4DH         LINE#         568
  C:1D50H         LINE#         569
  C:1D59H         LINE#         570
  C:1D63H         LINE#         571
  C:1D6DH         LINE#         572
  -------         ENDPROC       _SWAP_ENDIAN_LONG
  -------         ENDMOD        USB_CLASS_REQUESTS

  -------         MODULE        USB_CDC_UART
  C:0000H         SYMBOL        _ICE_DUMMY_
  D:00E6H         PUBLIC        EIE1
  X:0063H         PUBLIC        RXBuffer
  B:0021H.7       PUBLIC        uart_DTR
  X:00B3H         PUBLIC        TXBuffer
  X:0014H         PUBLIC        RXWTPtr
  X:0016H         PUBLIC        TXWTPtr
  C:1CAEH         PUBLIC        COMGetByte
  B:0022H.0       PUBLIC        uart_RTS
  I:0014H         PUBLIC        uart_line_coding
  B:0022H.1       PUBLIC        RXReady
  B:0022H.2       PUBLIC        TXReady
  C:1C24H         PUBLIC        _COMPutByte
  C:20A0H         PUBLIC        _Update_Line_State
  C:1E14H         PUBLIC        Flush_COMbuffers
  C:204BH         PUBLIC        _Set_Line_Coding
  C:20D1H         PUBLIC        _Send_Break
  X:0018H         PUBLIC        RXcount
  X:001AH         PUBLIC        TXcount
  X:001CH         PUBLIC        RXRDPtr
  X:001EH         PUBLIC        TXRDPtr
BL51 BANKED LINKER/LOCATER V6.22            04/03/2023  15:54:12  PAGE 26


  C:002EH         PUBLIC        _Set_Line_State
  -------         PROC          _SET_LINE_CODING
  D:0007H         SYMBOL        setting
  -------         DO            
  D:0005H         SYMBOL        cnt
  D:0007H         SYMBOL        src
  D:0006H         SYMBOL        dst
  -------         ENDDO         
  C:204BH         LINE#         78
  C:204BH         LINE#         79
  C:204BH         LINE#         87
  C:204BH         LINE#         88
  C:204DH         LINE#         89
  C:204FH         LINE#         90
  C:205DH         LINE#         95
  C:2060H         LINE#         97
  C:2061H         LINE#         98
  -------         ENDPROC       _SET_LINE_CODING
  -------         PROC          _SET_LINE_STATE
  D:0007H         SYMBOL        st
  C:002EH         LINE#         126
  C:002EH         LINE#         127
  C:002EH         LINE#         128
  C:0038H         LINE#         129
  C:0042H         LINE#         130
  -------         ENDPROC       _SET_LINE_STATE
  -------         PROC          _UPDATE_LINE_STATE
  D:0007H         SYMBOL        st
  C:20A0H         LINE#         155
  C:20A0H         LINE#         156
  C:20A0H         LINE#         157
  C:20A3H         LINE#         158
  C:20A7H         LINE#         159
  C:20A9H         LINE#         160
  C:20ACH         LINE#         161
  -------         ENDPROC       _UPDATE_LINE_STATE
  -------         PROC          _SEND_BREAK
  X:003FH         SYMBOL        dur
  C:20D1H         LINE#         183
  C:20D8H         LINE#         184
  C:20D8H         LINE#         186
  -------         ENDPROC       _SEND_BREAK
  -------         PROC          FLUSH_COMBUFFERS
  C:1E14H         LINE#         213
  C:1E14H         LINE#         214
  C:1E14H         LINE#         215
  C:1E1FH         LINE#         216
  C:1E26H         LINE#         217
  C:1E31H         LINE#         218
  C:1E38H         LINE#         219
  C:1E3EH         LINE#         220
  C:1E43H         LINE#         221
  C:1E45H         LINE#         222
  C:1E47H         LINE#         223
  -------         ENDPROC       FLUSH_COMBUFFERS
  -------         PROC          COMGETBYTE
  -------         DO            
  D:0007H         SYMBOL        dt
  -------         ENDDO         
  C:1CAEH         LINE#         234
  C:1CAEH         LINE#         235
  C:1CAEH         LINE#         238
  C:1CBAH         LINE#         239
  C:1CC3H         LINE#         240
  C:1CCCH         LINE#         242
BL51 BANKED LINKER/LOCATER V6.22            04/03/2023  15:54:12  PAGE 27


  C:1CD7H         LINE#         244
  C:1CE2H         LINE#         245
  C:1CF0H         LINE#         247
  C:1CF0H         LINE#         248
  -------         ENDPROC       COMGETBYTE
  -------         PROC          _COMPUTBYTE
  D:0007H         SYMBOL        dt
  C:1C24H         LINE#         251
  C:1C24H         LINE#         252
  C:1C24H         LINE#         253
  C:1C31H         LINE#         254
  C:1C39H         LINE#         255
  C:1C43H         LINE#         257
  C:1C4EH         LINE#         259
  C:1C59H         LINE#         260
  C:1C69H         LINE#         261
  -------         ENDPROC       _COMPUTBYTE
  -------         ENDMOD        USB_CDC_UART

  -------         MODULE        FIFO_RD_XD
  C:1E7BH         SEGMENT       ?PR?_FIFO_READ_XDATA?FIFO_RD_XD
  C:1E7BH         PUBLIC        _FIFO_READ_XDATA
  B:00D0H.6       SYMBOL        AC
  D:00E0H         SYMBOL        ACC
  B:00C0H.1       SYMBOL        ACK
  B:00C0H.3       SYMBOL        ACKRQ
  B:00E8H.4       SYMBOL        AD0BUSY
  B:00E8H.0       SYMBOL        AD0CM0
  B:00E8H.1       SYMBOL        AD0CM1
  B:00E8H.2       SYMBOL        AD0CM2
  B:00E8H.7       SYMBOL        AD0EN
  B:00E8H.5       SYMBOL        AD0INT
  B:00E8H.6       SYMBOL        AD0TM
  B:00E8H.3       SYMBOL        AD0WINT
  D:00BCH         SYMBOL        ADC0CF
  D:00E8H         SYMBOL        ADC0CN
  D:00C4H         SYMBOL        ADC0GTH
  D:00C3H         SYMBOL        ADC0GTL
  D:00BEH         SYMBOL        ADC0H
  D:00BDH         SYMBOL        ADC0L
  D:00C6H         SYMBOL        ADC0LTH
  D:00C5H         SYMBOL        ADC0LTL
  D:00BAH         SYMBOL        AMX0N
  D:00BBH         SYMBOL        AMX0P
  B:00C0H.2       SYMBOL        ARBLOST
  D:00F0H         SYMBOL        B
  B:00D8H.0       SYMBOL        CCF0
  B:00D8H.1       SYMBOL        CCF1
  B:00D8H.2       SYMBOL        CCF2
  B:00D8H.3       SYMBOL        CCF3
  B:00D8H.4       SYMBOL        CCF4
  B:00D8H.7       SYMBOL        CF
  D:008EH         SYMBOL        CKCON
  D:00B9H         SYMBOL        CLKMUL
  D:00A9H         SYMBOL        CLKSEL
  D:009BH         SYMBOL        CPT0CN
  D:009DH         SYMBOL        CPT0MD
  D:009FH         SYMBOL        CPT0MX
  D:009AH         SYMBOL        CPT1CN
  D:009CH         SYMBOL        CPT1MD
  D:009EH         SYMBOL        CPT1MX
  B:00D8H.6       SYMBOL        CR
  B:00D0H.7       SYMBOL        CY
  D:0083H         SYMBOL        DPH
  D:0082H         SYMBOL        DPL
BL51 BANKED LINKER/LOCATER V6.22            04/03/2023  15:54:12  PAGE 28


  B:00A8H.7       SYMBOL        EA
  D:00E6H         SYMBOL        EIE1
  D:00E7H         SYMBOL        EIE2
  D:00F6H         SYMBOL        EIP1
  D:00F7H         SYMBOL        EIP2
  D:00AAH         SYMBOL        EMI0CN
  B:00A8H.4       SYMBOL        ES0
  B:00A8H.6       SYMBOL        ESPI0
  B:00A8H.1       SYMBOL        ET0
  B:00A8H.3       SYMBOL        ET1
  B:00A8H.5       SYMBOL        ET2
  B:00A8H.0       SYMBOL        EX0
  B:00A8H.2       SYMBOL        EX1
  B:00D0H.5       SYMBOL        F0
  B:00D0H.1       SYMBOL        F1
  D:00B7H         SYMBOL        FLKEY
  D:00B6H         SYMBOL        FLSCL
  D:00A8H         SYMBOL        IE
  B:0088H.1       SYMBOL        IE0
  B:0088H.3       SYMBOL        IE1
  D:00B8H         SYMBOL        IP
  B:0088H.0       SYMBOL        IT0
  D:00E4H         SYMBOL        IT01CF
  B:0088H.2       SYMBOL        IT1
  B:00C0H.7       SYMBOL        MASTER
  B:0098H.5       SYMBOL        MCE0
  B:00F8H.5       SYMBOL        MODF
  B:00F8H.2       SYMBOL        NSSMD0
  B:00F8H.3       SYMBOL        NSSMD1
  D:00B3H         SYMBOL        OSCICL
  D:00B2H         SYMBOL        OSCICN
  D:00B1H         SYMBOL        OSCXCN
  B:00D0H.2       SYMBOL        OV
  B:00D0H.0       SYMBOL        P
  D:0080H         SYMBOL        P0
  D:00F1H         SYMBOL        P0MDIN
  D:00A4H         SYMBOL        P0MDOUT
  D:00D4H         SYMBOL        P0SKIP
  D:0090H         SYMBOL        P1
  D:00F2H         SYMBOL        P1MDIN
  D:00A5H         SYMBOL        P1MDOUT
  D:00D5H         SYMBOL        P1SKIP
  D:00A0H         SYMBOL        P2
  D:00F3H         SYMBOL        P2MDIN
  D:00A6H         SYMBOL        P2MDOUT
  D:00D6H         SYMBOL        P2SKIP
  D:00B0H         SYMBOL        P3
  D:00F4H         SYMBOL        P3MDIN
  D:00A7H         SYMBOL        P3MDOUT
  D:00D8H         SYMBOL        PCA0CN
  D:00FCH         SYMBOL        PCA0CPH0
  D:00EAH         SYMBOL        PCA0CPH1
  D:00ECH         SYMBOL        PCA0CPH2
  D:00EEH         SYMBOL        PCA0CPH3
  D:00FEH         SYMBOL        PCA0CPH4
  D:00FBH         SYMBOL        PCA0CPL0
  D:00E9H         SYMBOL        PCA0CPL1
  D:00EBH         SYMBOL        PCA0CPL2
  D:00EDH         SYMBOL        PCA0CPL3
  D:00FDH         SYMBOL        PCA0CPL4
  D:00DAH         SYMBOL        PCA0CPM0
  D:00DBH         SYMBOL        PCA0CPM1
  D:00DCH         SYMBOL        PCA0CPM2
  D:00DDH         SYMBOL        PCA0CPM3
  D:00DEH         SYMBOL        PCA0CPM4
BL51 BANKED LINKER/LOCATER V6.22            04/03/2023  15:54:12  PAGE 29


  D:00FAH         SYMBOL        PCA0H
  D:00F9H         SYMBOL        PCA0L
  D:00D9H         SYMBOL        PCA0MD
  D:0087H         SYMBOL        PCON
  B:00B8H.4       SYMBOL        PS0
  D:008FH         SYMBOL        PSCTL
  B:00B8H.6       SYMBOL        PSPI0
  D:00D0H         SYMBOL        PSW
  B:00B8H.1       SYMBOL        PT0
  B:00B8H.3       SYMBOL        PT1
  B:00B8H.5       SYMBOL        PT2
  B:00B8H.0       SYMBOL        PX0
  B:00B8H.2       SYMBOL        PX1
  B:0098H.2       SYMBOL        RB80
  C:1EA2H         SYMBOL        RDFX_LAST
  C:1E97H         SYMBOL        RDFX_LOOP
  C:1E92H         SYMBOL        RDFX_MULTI
  C:1E89H         SYMBOL        RDFX_ONE
  C:1E91H         SYMBOL        RDFX_RET
  D:00D1H         SYMBOL        REF0CN
  D:00C9H         SYMBOL        REG0CN
  B:0098H.4       SYMBOL        REN0
  B:0098H.0       SYMBOL        RI0
  B:00D0H.3       SYMBOL        RS0
  B:00D0H.4       SYMBOL        RS1
  D:00EFH         SYMBOL        RSTSRC
  B:00F8H.4       SYMBOL        RXOVRN
  B:0098H.7       SYMBOL        S0MODE
  D:0099H         SYMBOL        SBUF0
  D:0098H         SYMBOL        SCON0
  B:00C0H.0       SYMBOL        SI
  D:00C1H         SYMBOL        SMB0CF
  D:00C0H         SYMBOL        SMB0CN
  D:00C2H         SYMBOL        SMB0DAT
  D:0081H         SYMBOL        SP
  D:00A1H         SYMBOL        SPI0CFG
  D:00A2H         SYMBOL        SPI0CKR
  D:00F8H         SYMBOL        SPI0CN
  D:00A3H         SYMBOL        SPI0DAT
  B:00F8H.0       SYMBOL        SPIEN
  B:00F8H.7       SYMBOL        SPIF
  B:00C0H.5       SYMBOL        STA
  B:00C0H.4       SYMBOL        STO
  B:00C8H.4       SYMBOL        T2SOF
  B:00C8H.3       SYMBOL        T2SPLIT
  B:00C8H.0       SYMBOL        T2XCLK
  B:0098H.3       SYMBOL        TB80
  D:0088H         SYMBOL        TCON
  B:0088H.5       SYMBOL        TF0
  B:0088H.7       SYMBOL        TF1
  B:00C8H.7       SYMBOL        TF2H
  B:00C8H.6       SYMBOL        TF2L
  B:00C8H.5       SYMBOL        TF2LEN
  D:008CH         SYMBOL        TH0
  D:008DH         SYMBOL        TH1
  B:0098H.1       SYMBOL        TI0
  D:008AH         SYMBOL        TL0
  D:008BH         SYMBOL        TL1
  D:0089H         SYMBOL        TMOD
  D:00C8H         SYMBOL        TMR2CN
  D:00CDH         SYMBOL        TMR2H
  D:00CCH         SYMBOL        TMR2L
  D:00CBH         SYMBOL        TMR2RLH
  D:00CAH         SYMBOL        TMR2RLL
  D:0091H         SYMBOL        TMR3CN
BL51 BANKED LINKER/LOCATER V6.22            04/03/2023  15:54:12  PAGE 30


  D:0095H         SYMBOL        TMR3H
  D:0094H         SYMBOL        TMR3L
  D:0093H         SYMBOL        TMR3RLH
  D:0092H         SYMBOL        TMR3RLL
  B:0088H.4       SYMBOL        TR0
  B:0088H.6       SYMBOL        TR1
  B:00C8H.2       SYMBOL        TR2
  B:00F8H.1       SYMBOL        TXBMT
  B:00C0H.6       SYMBOL        TXMODE
  D:0096H         SYMBOL        USB0ADR
  D:0097H         SYMBOL        USB0DAT
  D:00D7H         SYMBOL        USB0XCN
  D:00FFH         SYMBOL        VDM0CN
  B:00F8H.6       SYMBOL        WCOL
  D:00E1H         SYMBOL        XBR0
  D:00E2H         SYMBOL        XBR1
  C:1E7BH         LINE#         18
  C:1E7CH         LINE#         19
  C:1E7EH         LINE#         21
  C:1E80H         LINE#         22
  C:1E82H         LINE#         23
  C:1E84H         LINE#         24
  C:1E85H         LINE#         25
  C:1E87H         LINE#         26
  C:1E89H         LINE#         28
  C:1E8BH         LINE#         29
  C:1E8EH         LINE#         30
  C:1E90H         LINE#         31
  C:1E91H         LINE#         33
  C:1E92H         LINE#         36
  C:1E93H         LINE#         37
  C:1E95H         LINE#         38
  C:1E97H         LINE#         40
  C:1E99H         LINE#         41
  C:1E9CH         LINE#         42
  C:1E9EH         LINE#         43
  C:1E9FH         LINE#         44
  C:1EA0H         LINE#         45
  C:1EA2H         LINE#         47
  C:1EA4H         LINE#         48
  C:1EA7H         LINE#         49
  C:1EA8H         LINE#         50
  C:1EAAH         LINE#         51
  C:1EACH         LINE#         52
  C:1EADH         LINE#         53
  -------         ENDMOD        FIFO_RD_XD

  -------         MODULE        FIFO_WT_XD
  C:2033H         SEGMENT       ?PR?_FIFO_WRITE_XDATA?FIFO_WT_XD
  C:2033H         PUBLIC        _FIFO_WRITE_XDATA
  B:00D0H.6       SYMBOL        AC
  D:00E0H         SYMBOL        ACC
  B:00C0H.1       SYMBOL        ACK
  B:00C0H.3       SYMBOL        ACKRQ
  B:00E8H.4       SYMBOL        AD0BUSY
  B:00E8H.0       SYMBOL        AD0CM0
  B:00E8H.1       SYMBOL        AD0CM1
  B:00E8H.2       SYMBOL        AD0CM2
  B:00E8H.7       SYMBOL        AD0EN
  B:00E8H.5       SYMBOL        AD0INT
[...]
  B:0098H.2       SYMBOL        RB80
  D:00D1H         SYMBOL        REF0CN
  D:00C9H         SYMBOL        REG0CN
  B:0098H.4       SYMBOL        REN0
  B:0098H.0       SYMBOL        RI0
  B:00D0H.3       SYMBOL        RS0
  B:00D0H.4       SYMBOL        RS1
  D:00EFH         SYMBOL        RSTSRC
  B:00F8H.4       SYMBOL        RXOVRN
  B:0098H.7       SYMBOL        S0MODE
  D:0099H         SYMBOL        SBUF0
  D:0098H         SYMBOL        SCON0
  B:00C0H.0       SYMBOL        SI
  D:00C1H         SYMBOL        SMB0CF
  D:00C0H         SYMBOL        SMB0CN
  D:00C2H         SYMBOL        SMB0DAT
  D:0081H         SYMBOL        SP
  D:00A1H         SYMBOL        SPI0CFG
  D:00A2H         SYMBOL        SPI0CKR
  D:00F8H         SYMBOL        SPI0CN
  D:00A3H         SYMBOL        SPI0DAT
  B:00F8H.0       SYMBOL        SPIEN
  B:00F8H.7       SYMBOL        SPIF
  B:00C0H.5       SYMBOL        STA
BL51 BANKED LINKER/LOCATER V6.22            04/03/2023  15:54:12  PAGE 33


  B:00C0H.4       SYMBOL        STO
  B:00C8H.4       SYMBOL        T2SOF
  B:00C8H.3       SYMBOL        T2SPLIT
  B:00C8H.0       SYMBOL        T2XCLK
  B:0098H.3       SYMBOL        TB80
  D:0088H         SYMBOL        TCON
  B:0088H.5       SYMBOL        TF0
  B:0088H.7       SYMBOL        TF1
  B:00C8H.7       SYMBOL        TF2H
  B:00C8H.6       SYMBOL        TF2L
  B:00C8H.5       SYMBOL        TF2LEN
  D:008CH         SYMBOL        TH0
  D:008DH         SYMBOL        TH1
  B:0098H.1       SYMBOL        TI0
  D:008AH         SYMBOL        TL0
  D:008BH         SYMBOL        TL1
  D:0089H         SYMBOL        TMOD
  D:00C8H         SYMBOL        TMR2CN
  D:00CDH         SYMBOL        TMR2H
  D:00CCH         SYMBOL        TMR2L
  D:00CBH         SYMBOL        TMR2RLH
  D:00CAH         SYMBOL        TMR2RLL
  D:0091H         SYMBOL        TMR3CN
  D:0095H         SYMBOL        TMR3H
  D:0094H         SYMBOL        TMR3L
  D:0093H         SYMBOL        TMR3RLH
  D:0092H         SYMBOL        TMR3RLL
  B:0088H.4       SYMBOL        TR0
  B:0088H.6       SYMBOL        TR1
  B:00C8H.2       SYMBOL        TR2
  B:00F8H.1       SYMBOL        TXBMT
  B:00C0H.6       SYMBOL        TXMODE
  D:0096H         SYMBOL        USB0ADR
  D:0097H         SYMBOL        USB0DAT
  D:00D7H         SYMBOL        USB0XCN
  D:00FFH         SYMBOL        VDM0CN
  B:00F8H.6       SYMBOL        WCOL
  C:203FH         SYMBOL        WTFX_LOOP1
  C:2043H         SYMBOL        WTFX_LOOP2
  C:204AH         SYMBOL        WTFX_RET
  D:00E1H         SYMBOL        XBR0
  D:00E2H         SYMBOL        XBR1
  C:2033H         LINE#         18
  C:2034H         LINE#         19
  C:2036H         LINE#         21
  C:2038H         LINE#         22
  C:203AH         LINE#         23
  C:203BH         LINE#         24
  C:203DH         LINE#         25
  C:203FH         LINE#         27
  C:2040H         LINE#         28
  C:2042H         LINE#         29
  C:2043H         LINE#         31
  C:2045H         LINE#         32
  C:2048H         LINE#         33
  C:204AH         LINE#         36
  -------         ENDMOD        FIFO_WT_XD

  -------         MODULE        UART
  C:0000H         SYMBOL        _ICE_DUMMY_
  D:0090H         PUBLIC        P1
  C:17EDH         PUBLIC        Timer2_ISR
  D:00E7H         PUBLIC        EIE2
  D:00E4H         PUBLIC        IT01CF
  C:20C0H         PUBLIC        Finish_int
BL51 BANKED LINKER/LOCATER V6.22            04/03/2023  15:54:12  PAGE 34


  C:20D9H         PUBLIC        INT0_Init
  B:00C8H.7       PUBLIC        TF2H
  C:1864H         PUBLIC        Byte_Set
  C:192EH         PUBLIC        Wait_Set
  D:00CCH         PUBLIC        TMR2
  D:00ACH         PUBLIC        SBCON1
  X:0020H         PUBLIC        num_sended
  D:00B5H         PUBLIC        SBRLH1
  D:00B4H         PUBLIC        SBRLL1
  D:0089H         PUBLIC        TMOD
  D:00C8H         PUBLIC        TMR2CN
  B:0090H.2       PUBLIC        DE0
  B:0090H.5       PUBLIC        DE1
  C:1519H         PUBLIC        UART0_ISR
  C:147BH         PUBLIC        UART1_ISR
  X:0021H         PUBLIC        TIMEOUT_BYTE
  X:0022H         PUBLIC        TIMEOUT_WAIT
  D:00CAH         PUBLIC        TMR2RL
  B:0090H.1       PUBLIC        RE0
  C:0006H         PUBLIC        Change_baud
  X:0023H         PUBLIC        byte_time
  B:0090H.4       PUBLIC        RE1
  B:00A8H.4       PUBLIC        ES0
  X:0027H         PUBLIC        wait_time
  B:0098H.0       PUBLIC        RI0
  B:00A8H.0       PUBLIC        EX0
  B:0098H.1       PUBLIC        TI0
  B:0088H.0       PUBLIC        IT0
  D:008DH         PUBLIC        TH1
  D:008BH         PUBLIC        TL1
  C:2084H         PUBLIC        Change_TIMEOUT
  X:002BH         PUBLIC        inside_interrupt
  B:0088H.6       PUBLIC        TR1
  B:00C8H.2       PUBLIC        TR2
  X:002CH         PUBLIC        rat_byte
  X:0030H         PUBLIC        rat_wait
  D:0099H         PUBLIC        SBUF0
  D:00D3H         PUBLIC        SBUF1
  X:0034H         PUBLIC        num_recv
  C:0C04H         PUBLIC        _UART0_Init
  D:0098H         PUBLIC        SCON0
  C:1AA1H         PUBLIC        _UART1_Init
  X:0035H         PUBLIC        end_int
  X:0036H         PUBLIC        i_flag
  D:00E5H         PUBLIC        SMOD1
  D:00D2H         PUBLIC        SCON1
  C:1768H         PUBLIC        INT0_ISR
  D:008EH         PUBLIC        CKCON
  C:2062H         PUBLIC        Timer_Init
  X:0037H         PUBLIC        byte_ov
  X:0038H         PUBLIC        wait_ov
  -------         PROC          _UART0_INIT
  X:0053H         SYMBOL        baud
  C:0C04H         LINE#         30
  C:0C0BH         LINE#         31
  C:0C0BH         LINE#         32
  C:0C0EH         LINE#         33
  C:0C41H         LINE#         34
  C:0C41H         LINE#         35
  C:0C69H         LINE#         36
  C:0C6CH         LINE#         37
  C:0C6FH         LINE#         38
  C:0CA7H         LINE#         39
  C:0CA7H         LINE#         40
  C:0CD8H         LINE#         41
BL51 BANKED LINKER/LOCATER V6.22            04/03/2023  15:54:12  PAGE 35


  C:0CDBH         LINE#         42
  C:0CDEH         LINE#         43
  C:0CE1H         LINE#         44
  C:0D20H         LINE#         45
  C:0D20H         LINE#         46
  C:0D4AH         LINE#         47
  C:0D4DH         LINE#         48
  C:0D4FH         LINE#         50
  C:0D4FH         LINE#         51
  C:0D79H         LINE#         52
  C:0D7CH         LINE#         53
  C:0D7FH         LINE#         54
  C:0D7FH         LINE#         55
  C:0D82H         LINE#         56
  C:0D85H         LINE#         57
  C:0D88H         LINE#         58
  C:0D8AH         LINE#         59
  C:0D8CH         LINE#         62
  C:0D8EH         LINE#         63
  -------         ENDPROC       _UART0_INIT
  -------         PROC          _UART1_INIT
  X:0053H         SYMBOL        baud
  C:1AA1H         LINE#         65
  C:1AA8H         LINE#         66
  C:1AA8H         LINE#         68
  C:1AABH         LINE#         69
  C:1AAEH         LINE#         70
  C:1AB1H         LINE#         71
  C:1AB4H         LINE#         72
  C:1AD4H         LINE#         73
  C:1AF0H         LINE#         74
  C:1AF3H         LINE#         75
  -------         ENDPROC       _UART1_INIT
  -------         PROC          INT0_INIT
  C:20D9H         LINE#         77
  C:20D9H         LINE#         78
  C:20D9H         LINE#         79
  C:20DBH         LINE#         80
  C:20DDH         LINE#         81
  C:20E0H         LINE#         82
  -------         ENDPROC       INT0_INIT
  -------         PROC          CHANGE_BAUD
  C:0006H         LINE#         84
  C:0006H         LINE#         85
  C:0006H         LINE#         86
  C:0013H         LINE#         87
  C:0020H         LINE#         88
  -------         ENDPROC       CHANGE_BAUD
  -------         PROC          CHANGE_TIMEOUT
  C:2084H         LINE#         92
  C:2084H         LINE#         93
  C:2084H         LINE#         94
  C:208BH         LINE#         95
  C:208FH         LINE#         96
  -------         ENDPROC       CHANGE_TIMEOUT
  -------         PROC          UART0_ISR
  C:1519H         LINE#         103
  C:1536H         LINE#         105
  C:1539H         LINE#         106
  C:1539H         LINE#         107
  C:154DH         LINE#         108
  C:154DH         LINE#         109
  C:1559H         LINE#         110
  C:1559H         LINE#         111
  C:155CH         LINE#         112
BL51 BANKED LINKER/LOCATER V6.22            04/03/2023  15:54:12  PAGE 36


  C:155CH         LINE#         113
  C:155EH         LINE#         114
  C:155EH         LINE#         115
  C:1561H         LINE#         116
  C:1561H         LINE#         117
  C:1566H         LINE#         118
  C:1566H         LINE#         119
  C:1573H         LINE#         120
  C:1573H         LINE#         121
  C:1580H         LINE#         122
  C:1583H         LINE#         123
  C:1586H         LINE#         124
  C:1588H         LINE#         125
  C:1588H         LINE#         126
  C:158DH         LINE#         127
  C:158FH         LINE#         128
  C:1591H         LINE#         129
  C:1594H         LINE#         130
  C:1594H         LINE#         131
  C:1594H         LINE#         132
  C:1596H         LINE#         133
  C:1596H         LINE#         134
  -------         ENDPROC       UART0_ISR
  -------         PROC          UART1_ISR
  C:147BH         LINE#         140
  C:1498H         LINE#         142
  C:149DH         LINE#         143
  C:149DH         LINE#         144
  C:14B1H         LINE#         145
  C:14B1H         LINE#         146
  C:14BDH         LINE#         147
  C:14BDH         LINE#         148
  C:14C0H         LINE#         149
  C:14C0H         LINE#         150
  C:14C3H         LINE#         151
  C:14C3H         LINE#         152
  C:14C8H         LINE#         153
  C:14C8H         LINE#         154
  C:14CDH         LINE#         155
  C:14CDH         LINE#         156
  C:14DAH         LINE#         157
  C:14DAH         LINE#         158
  C:14E7H         LINE#         159
  C:14EAH         LINE#         160
  C:14EDH         LINE#         161
  C:14EFH         LINE#         162
  C:14EFH         LINE#         163
  C:14F4H         LINE#         164
  C:14F6H         LINE#         165
  C:14F8H         LINE#         166
  C:14FBH         LINE#         167
  C:14FBH         LINE#         168
  C:14FBH         LINE#         169
  C:14FEH         LINE#         170
  C:14FEH         LINE#         171
  -------         ENDPROC       UART1_ISR
  -------         PROC          INT0_ISR
  C:1768H         LINE#         173
  C:1785H         LINE#         175
  C:178AH         LINE#         176
  C:178DH         LINE#         177
  C:1790H         LINE#         178
  C:1798H         LINE#         179
  C:1798H         LINE#         180
  C:179BH         LINE#         183
BL51 BANKED LINKER/LOCATER V6.22            04/03/2023  15:54:12  PAGE 37


  C:179EH         LINE#         184
  C:17A5H         LINE#         185
  C:17A5H         LINE#         186
  C:17A7H         LINE#         187
  C:17A9H         LINE#         188
  C:17ACH         LINE#         189
  C:17B4H         LINE#         190
  C:17B4H         LINE#         191
  C:17B6H         LINE#         192
  C:17B8H         LINE#         193
  C:17BAH         LINE#         194
  C:17BAH         LINE#         195
  C:17C8H         LINE#         196
  C:17D2H         LINE#         197
  -------         ENDPROC       INT0_ISR
  -------         PROC          TIMER_INIT
  C:2062H         LINE#         202
  C:2062H         LINE#         203
  C:2062H         LINE#         204
  C:2065H         LINE#         206
  C:2068H         LINE#         207
  C:206CH         LINE#         208
  C:2072H         LINE#         209
  C:2074H         LINE#         210
  -------         ENDPROC       TIMER_INIT
  -------         PROC          WAIT_SET
  C:192EH         LINE#         216
  C:192EH         LINE#         217
  C:192EH         LINE#         218
  C:193BH         LINE#         219
  C:1965H         LINE#         220
  C:1991H         LINE#         221
  -------         ENDPROC       WAIT_SET
  -------         PROC          L?0049
  -------         ENDPROC       L?0049
  -------         PROC          BYTE_SET
  C:1864H         LINE#         223
  C:1864H         LINE#         224
  C:1864H         LINE#         225
  C:1871H         LINE#         226
  C:189BH         LINE#         227
  C:18C7H         LINE#         228
  -------         ENDPROC       BYTE_SET
  -------         PROC          TIMER2_ISR
  C:17EDH         LINE#         234
  C:180AH         LINE#         236
  C:180CH         LINE#         237
  C:1811H         LINE#         238
  C:1811H         LINE#         239
  C:181BH         LINE#         240
  C:1828H         LINE#         242
  C:1828H         LINE#         243
  C:182FH         LINE#         244
  C:182FH         LINE#         245
  C:1831H         LINE#         246
  C:1833H         LINE#         247
  C:183BH         LINE#         248
  C:183BH         LINE#         249
  C:183DH         LINE#         250
  C:183FH         LINE#         251
  C:183FH         LINE#         252
  C:1842H         LINE#         253
  C:1842H         LINE#         254
  C:1842H         LINE#         255
  -------         ENDPROC       TIMER2_ISR
BL51 BANKED LINKER/LOCATER V6.22            04/03/2023  15:54:12  PAGE 38


  -------         PROC          FINISH_INT
  C:20C0H         LINE#         257
  C:20C0H         LINE#         258
  C:20C0H         LINE#         259
  C:20C4H         LINE#         260
  C:20C8H         LINE#         261
  -------         ENDPROC       FINISH_INT
  -------         ENDMOD        UART

  -------         MODULE        EXTSRAM
  C:0000H         SYMBOL        _ICE_DUMMY_
  X:1000H         PUBLIC        extmas
  D:0085H         PUBLIC        EMI0CF
  C:20E9H         PUBLIC        init_exram
  -------         PROC          INIT_EXRAM
  C:20E9H         LINE#         5
  C:20E9H         LINE#         6
  C:20E9H         LINE#         7
  C:20ECH         LINE#         8
  -------         ENDPROC       INIT_EXRAM
  -------         ENDMOD        EXTSRAM

  -------         MODULE        SPI
  C:0000H         SYMBOL        _ICE_DUMMY_
  D:00A2H         PUBLIC        SPI0CKR
  D:0080H         PUBLIC        P0
  C:20EDH         PUBLIC        SPI_MasterReceive
  C:20E1H         PUBLIC        _SPI_MasterTransmit
  B:0080H.3       PUBLIC        SS
  D:00F8H         PUBLIC        SPI0CN
  B:00F8H.7       PUBLIC        SPIF
  C:1F92H         PUBLIC        _SPI_MasterSend
  C:2092H         PUBLIC        SPI_Init
  D:00A1H         PUBLIC        SPI0CFG
  D:00A3H         PUBLIC        SPI0DAT
  -------         PROC          SPI_INIT
  C:2092H         LINE#         14
  C:2092H         LINE#         15
  C:2092H         LINE#         16
  C:2094H         LINE#         18
  C:2097H         LINE#         19
  C:209AH         LINE#         20
  C:209DH         LINE#         21
  C:209FH         LINE#         22
  -------         ENDPROC       SPI_INIT
  -------         PROC          _SPI_MASTERTRANSMIT
  D:0007H         SYMBOL        cData
  C:20E1H         LINE#         24
  C:20E1H         LINE#         25
  C:20E1H         LINE#         26
  C:20E3H         LINE#         27
  C:20E5H         LINE#         28
  C:20E8H         LINE#         29
  -------         ENDPROC       _SPI_MASTERTRANSMIT
  -------         PROC          SPI_MASTERRECEIVE
  C:20EDH         LINE#         31
  C:20EDH         LINE#         32
  C:20EDH         LINE#         34
  C:20EFH         LINE#         35
  -------         ENDPROC       SPI_MASTERRECEIVE
  -------         PROC          _SPI_MASTERSEND
  D:0007H         SYMBOL        byte1
  D:0005H         SYMBOL        byte2
  -------         DO            
  D:0005H         SYMBOL        dlo
BL51 BANKED LINKER/LOCATER V6.22            04/03/2023  15:54:12  PAGE 39


  D:0006H         SYMBOL        dhi
  -------         ENDDO         
  C:1F92H         LINE#         37
  C:1F92H         LINE#         38
  C:1F92H         LINE#         40
  C:1F94H         LINE#         41
  C:1F97H         LINE#         42
  C:1F9CH         LINE#         43
  C:1FA1H         LINE#         44
  C:1FA6H         LINE#         45
  C:1FA8H         LINE#         46
  C:1FAEH         LINE#         47
  -------         ENDPROC       _SPI_MASTERSEND
  -------         ENDMOD        SPI

  -------         MODULE        ?C?CLDPTR
  C:0A0CH         PUBLIC        ?C?CLDPTR
  -------         ENDMOD        ?C?CLDPTR

  -------         MODULE        ?C?CSTPTR
  C:0A25H         PUBLIC        ?C?CSTPTR
  -------         ENDMOD        ?C?CSTPTR

  -------         MODULE        ?C?LMUL
  C:0A37H         PUBLIC        ?C?LMUL
  -------         ENDMOD        ?C?LMUL

  -------         MODULE        ?C?SLDIV
  C:1C6AH         PUBLIC        ?C?SLDIV
  -------         ENDMOD        ?C?SLDIV

  -------         MODULE        ?C?LNEG
  C:0A86H         PUBLIC        ?C?LNEG
  -------         ENDMOD        ?C?LNEG

  -------         MODULE        ?C?SLCMP
  C:0A94H         PUBLIC        ?C?SLCMP
  -------         ENDMOD        ?C?SLCMP

  -------         MODULE        ?C?SLSHR
  C:0AAAH         PUBLIC        ?C?SLSHR
  -------         ENDMOD        ?C?SLSHR

  -------         MODULE        ?C?LSTPDATA
  C:0ABEH         PUBLIC        ?C?LSTPDATA
  -------         ENDMOD        ?C?LSTPDATA

  -------         MODULE        ?C?CCASE
  C:0ACAH         PUBLIC        ?C?CCASE
  -------         ENDMOD        ?C?CCASE

  -------         MODULE        PRINTF
  X:0053H         PUBLIC        ?_PRINTF517?BYTE
  X:0053H         PUBLIC        ?_PRINTF?BYTE
  X:0053H         PUBLIC        ?_SPRINTF517?BYTE
  X:0053H         PUBLIC        ?_SPRINTF?BYTE
  C:04F5H         PUBLIC        _PRINTF
  C:04F5H         PUBLIC        _PRINTF517
  C:04EFH         PUBLIC        _SPRINTF
  C:04EFH         PUBLIC        _SPRINTF517
  -------         ENDMOD        PRINTF

  -------         MODULE        ?C?CLDOPTR
  C:0AF0H         PUBLIC        ?C?CLDOPTR
  -------         ENDMOD        ?C?CLDOPTR
BL51 BANKED LINKER/LOCATER V6.22            04/03/2023  15:54:12  PAGE 40



  -------         MODULE        ?C?ULDIV
  C:0B59H         PUBLIC        ?C?ULDIV
  -------         ENDMOD        ?C?ULDIV

  -------         MODULE        ?C?PLDIPDATA
  C:0BEBH         PUBLIC        ?C?PLDIPDATA
  -------         ENDMOD        ?C?PLDIPDATA

  -------         MODULE        ?C?PSTPDATA
  C:0BFBH         PUBLIC        ?C?PSTPDATA
  -------         ENDMOD        ?C?PSTPDATA

*** WARNING L16: UNCALLED SEGMENT, IGNORED FOR OVERLAY PROCESS
    SEGMENT: ?PR?_GETKEY?USB_MAIN

*** WARNING L16: UNCALLED SEGMENT, IGNORED FOR OVERLAY PROCESS
    SEGMENT: ?PR?SHOWHELP?USB_MAIN

*** WARNING L16: UNCALLED SEGMENT, IGNORED FOR OVERLAY PROCESS
    SEGMENT: ?PR?_CHECKBIT?USB_MAIN

*** WARNING L16: UNCALLED SEGMENT, IGNORED FOR OVERLAY PROCESS
    SEGMENT: ?PR?_UPDATE_LINE_STATE?USB_CDC_UART

*** WARNING L15: MULTIPLE CALL TO SEGMENT
    SEGMENT: ?PR?_UART0_INIT?UART
    CALLER1: ?PR?INT0_ISR?UART
    CALLER2: ?C_C51STARTUP

*** WARNING L15: MULTIPLE CALL TO SEGMENT
    SEGMENT: ?PR?_UART1_INIT?UART
    CALLER1: ?PR?INT0_ISR?UART
    CALLER2: ?C_C51STARTUP

Program Size: data=30.4 xdata=4365 code=8430
LINK/LOCATE RUN COMPLETE.  6 WARNING(S),  0 ERROR(S)
